Archive member included to satisfy reference by file (symbol)

C:/PROGRA~2/ARMGNU~1/14EFD8~1.2RE/bin/../lib/gcc/arm-none-eabi/14.2.1/thumb/v7e-m/nofp\libstdc++.a(class_type_info.o)
                              CMakeFiles/Tanks.elf.dir/Game/Src/entity.cpp.obj (vtable for __cxxabiv1::__class_type_info)
C:/PROGRA~2/ARMGNU~1/14EFD8~1.2RE/bin/../lib/gcc/arm-none-eabi/14.2.1/thumb/v7e-m/nofp\libstdc++.a(del_ops.o)
                              CMakeFiles/Tanks.elf.dir/Core/Src/main.cpp.obj (operator delete(void*, unsigned int))
C:/PROGRA~2/ARMGNU~1/14EFD8~1.2RE/bin/../lib/gcc/arm-none-eabi/14.2.1/thumb/v7e-m/nofp\libstdc++.a(eh_arm.o)
                              CMakeFiles/Tanks.elf.dir/Core/Src/main.cpp.obj (__cxa_end_cleanup)
C:/PROGRA~2/ARMGNU~1/14EFD8~1.2RE/bin/../lib/gcc/arm-none-eabi/14.2.1/thumb/v7e-m/nofp\libstdc++.a(eh_exception.o)
                              C:/PROGRA~2/ARMGNU~1/14EFD8~1.2RE/bin/../lib/gcc/arm-none-eabi/14.2.1/thumb/v7e-m/nofp\libstdc++.a(eh_arm.o) (typeinfo for __cxxabiv1::__forced_unwind)
C:/PROGRA~2/ARMGNU~1/14EFD8~1.2RE/bin/../lib/gcc/arm-none-eabi/14.2.1/thumb/v7e-m/nofp\libstdc++.a(eh_globals.o)
                              C:/PROGRA~2/ARMGNU~1/14EFD8~1.2RE/bin/../lib/gcc/arm-none-eabi/14.2.1/thumb/v7e-m/nofp\libstdc++.a(eh_arm.o) (__cxa_get_globals)
C:/PROGRA~2/ARMGNU~1/14EFD8~1.2RE/bin/../lib/gcc/arm-none-eabi/14.2.1/thumb/v7e-m/nofp\libstdc++.a(eh_personality.o)
                              CMakeFiles/Tanks.elf.dir/Core/Src/main.cpp.obj (__gxx_personality_v0)
C:/PROGRA~2/ARMGNU~1/14EFD8~1.2RE/bin/../lib/gcc/arm-none-eabi/14.2.1/thumb/v7e-m/nofp\libstdc++.a(eh_terminate.o)
                              C:/PROGRA~2/ARMGNU~1/14EFD8~1.2RE/bin/../lib/gcc/arm-none-eabi/14.2.1/thumb/v7e-m/nofp\libstdc++.a(eh_arm.o) (std::terminate())
C:/PROGRA~2/ARMGNU~1/14EFD8~1.2RE/bin/../lib/gcc/arm-none-eabi/14.2.1/thumb/v7e-m/nofp\libstdc++.a(eh_unex_handler.o)
                              C:/PROGRA~2/ARMGNU~1/14EFD8~1.2RE/bin/../lib/gcc/arm-none-eabi/14.2.1/thumb/v7e-m/nofp\libstdc++.a(eh_terminate.o) (__cxxabiv1::__unexpected_handler)
C:/PROGRA~2/ARMGNU~1/14EFD8~1.2RE/bin/../lib/gcc/arm-none-eabi/14.2.1/thumb/v7e-m/nofp\libstdc++.a(new_op.o)
                              CMakeFiles/Tanks.elf.dir/Core/Src/main.cpp.obj (operator new(unsigned int))
C:/PROGRA~2/ARMGNU~1/14EFD8~1.2RE/bin/../lib/gcc/arm-none-eabi/14.2.1/thumb/v7e-m/nofp\libstdc++.a(si_class_type_info.o)
                              CMakeFiles/Tanks.elf.dir/Game/Src/shell.cpp.obj (vtable for __cxxabiv1::__si_class_type_info)
C:/PROGRA~2/ARMGNU~1/14EFD8~1.2RE/bin/../lib/gcc/arm-none-eabi/14.2.1/thumb/v7e-m/nofp\libstdc++.a(tinfo.o)
                              C:/PROGRA~2/ARMGNU~1/14EFD8~1.2RE/bin/../lib/gcc/arm-none-eabi/14.2.1/thumb/v7e-m/nofp\libstdc++.a(class_type_info.o) (std::type_info::~type_info())
C:/PROGRA~2/ARMGNU~1/14EFD8~1.2RE/bin/../lib/gcc/arm-none-eabi/14.2.1/thumb/v7e-m/nofp\libstdc++.a(vterminate.o)
                              C:/PROGRA~2/ARMGNU~1/14EFD8~1.2RE/bin/../lib/gcc/arm-none-eabi/14.2.1/thumb/v7e-m/nofp\libstdc++.a(eh_terminate.o) (__gnu_cxx::__verbose_terminate_handler())
C:/PROGRA~2/ARMGNU~1/14EFD8~1.2RE/bin/../lib/gcc/arm-none-eabi/14.2.1/thumb/v7e-m/nofp\libstdc++.a(list.o)
                              CMakeFiles/Tanks.elf.dir/Core/Src/main.cpp.obj (std::__detail::_List_node_base::_M_hook(std::__detail::_List_node_base*))
C:/PROGRA~2/ARMGNU~1/14EFD8~1.2RE/bin/../lib/gcc/arm-none-eabi/14.2.1/thumb/v7e-m/nofp\libstdc++.a(bad_alloc.o)
                              C:/PROGRA~2/ARMGNU~1/14EFD8~1.2RE/bin/../lib/gcc/arm-none-eabi/14.2.1/thumb/v7e-m/nofp\libstdc++.a(new_op.o) (vtable for std::bad_alloc)
C:/PROGRA~2/ARMGNU~1/14EFD8~1.2RE/bin/../lib/gcc/arm-none-eabi/14.2.1/thumb/v7e-m/nofp\libstdc++.a(cp-demangle.o)
                              C:/PROGRA~2/ARMGNU~1/14EFD8~1.2RE/bin/../lib/gcc/arm-none-eabi/14.2.1/thumb/v7e-m/nofp\libstdc++.a(vterminate.o) (__cxa_demangle)
C:/PROGRA~2/ARMGNU~1/14EFD8~1.2RE/bin/../lib/gcc/arm-none-eabi/14.2.1/thumb/v7e-m/nofp\libstdc++.a(del_op.o)
                              C:/PROGRA~2/ARMGNU~1/14EFD8~1.2RE/bin/../lib/gcc/arm-none-eabi/14.2.1/thumb/v7e-m/nofp\libstdc++.a(del_ops.o) (operator delete(void*))
C:/PROGRA~2/ARMGNU~1/14EFD8~1.2RE/bin/../lib/gcc/arm-none-eabi/14.2.1/thumb/v7e-m/nofp\libstdc++.a(eh_alloc.o)
                              C:/PROGRA~2/ARMGNU~1/14EFD8~1.2RE/bin/../lib/gcc/arm-none-eabi/14.2.1/thumb/v7e-m/nofp\libstdc++.a(new_op.o) (__cxa_allocate_exception)
C:/PROGRA~2/ARMGNU~1/14EFD8~1.2RE/bin/../lib/gcc/arm-none-eabi/14.2.1/thumb/v7e-m/nofp\libstdc++.a(eh_call.o)
                              C:/PROGRA~2/ARMGNU~1/14EFD8~1.2RE/bin/../lib/gcc/arm-none-eabi/14.2.1/thumb/v7e-m/nofp\libstdc++.a(eh_personality.o) (__cxa_call_terminate)
C:/PROGRA~2/ARMGNU~1/14EFD8~1.2RE/bin/../lib/gcc/arm-none-eabi/14.2.1/thumb/v7e-m/nofp\libstdc++.a(eh_catch.o)
[...]
Memory Configuration

Name             Origin             Length             Attributes
RAM              0x20000000         0x00020000         xrw
FLASH            0x08000000         0x00080000         xr
*default*        0x00000000         0xffffffff

Linker script and memory map

LOAD C:/PROGRA~2/ARMGNU~1/14EFD8~1.2RE/bin/../lib/gcc/arm-none-eabi/14.2.1/thumb/v7e-m/nofp/crti.o
LOAD C:/PROGRA~2/ARMGNU~1/14EFD8~1.2RE/bin/../lib/gcc/arm-none-eabi/14.2.1/thumb/v7e-m/nofp/crtbegin.o
LOAD C:/PROGRA~2/ARMGNU~1/14EFD8~1.2RE/bin/../lib/gcc/arm-none-eabi/14.2.1/thumb/v7e-m/nofp/crt0.o
LOAD CMakeFiles/Tanks.elf.dir/Core/Src/dma.c.obj
LOAD CMakeFiles/Tanks.elf.dir/Core/Src/gpio.c.obj
LOAD CMakeFiles/Tanks.elf.dir/Core/Src/main.cpp.obj
LOAD CMakeFiles/Tanks.elf.dir/Core/Src/spi.c.obj
LOAD CMakeFiles/Tanks.elf.dir/Core/Src/stm32g4xx_hal_msp.c.obj
LOAD CMakeFiles/Tanks.elf.dir/Core/Src/stm32g4xx_it.c.obj
LOAD CMakeFiles/Tanks.elf.dir/Core/Src/syscalls.c.obj
LOAD CMakeFiles/Tanks.elf.dir/Core/Src/sysmem.c.obj
LOAD CMakeFiles/Tanks.elf.dir/Core/Src/system_stm32g4xx.c.obj
LOAD CMakeFiles/Tanks.elf.dir/Core/Src/tim.c.obj
LOAD CMakeFiles/Tanks.elf.dir/Core/Startup/startup_stm32g474ceux.s.obj
LOAD CMakeFiles/Tanks.elf.dir/Drivers/ST7789/fonts.c.obj
LOAD CMakeFiles/Tanks.elf.dir/Drivers/ST7789/st7789.c.obj
LOAD CMakeFiles/Tanks.elf.dir/Drivers/STM32G4xx_HAL_Driver/Src/stm32g4xx_hal.c.obj
LOAD CMakeFiles/Tanks.elf.dir/Drivers/STM32G4xx_HAL_Driver/Src/stm32g4xx_hal_cortex.c.obj
LOAD CMakeFiles/Tanks.elf.dir/Drivers/STM32G4xx_HAL_Driver/Src/stm32g4xx_hal_dma.c.obj
LOAD CMakeFiles/Tanks.elf.dir/Drivers/STM32G4xx_HAL_Driver/Src/stm32g4xx_hal_dma_ex.c.obj
LOAD CMakeFiles/Tanks.elf.dir/Drivers/STM32G4xx_HAL_Driver/Src/stm32g4xx_hal_exti.c.obj
LOAD CMakeFiles/Tanks.elf.dir/Drivers/STM32G4xx_HAL_Driver/Src/stm32g4xx_hal_flash.c.obj
LOAD CMakeFiles/Tanks.elf.dir/Drivers/STM32G4xx_HAL_Driver/Src/stm32g4xx_hal_flash_ex.c.obj
LOAD CMakeFiles/Tanks.elf.dir/Drivers/STM32G4xx_HAL_Driver/Src/stm32g4xx_hal_flash_ramfunc.c.obj
LOAD CMakeFiles/Tanks.elf.dir/Drivers/STM32G4xx_HAL_Driver/Src/stm32g4xx_hal_gpio.c.obj
LOAD CMakeFiles/Tanks.elf.dir/Drivers/STM32G4xx_HAL_Driver/Src/stm32g4xx_hal_pwr.c.obj
LOAD CMakeFiles/Tanks.elf.dir/Drivers/STM32G4xx_HAL_Driver/Src/stm32g4xx_hal_pwr_ex.c.obj
LOAD CMakeFiles/Tanks.elf.dir/Drivers/STM32G4xx_HAL_Driver/Src/stm32g4xx_hal_rcc.c.obj
LOAD CMakeFiles/Tanks.elf.dir/Drivers/STM32G4xx_HAL_Driver/Src/stm32g4xx_hal_rcc_ex.c.obj
LOAD CMakeFiles/Tanks.elf.dir/Drivers/STM32G4xx_HAL_Driver/Src/stm32g4xx_hal_spi.c.obj
LOAD CMakeFiles/Tanks.elf.dir/Drivers/STM32G4xx_HAL_Driver/Src/stm32g4xx_hal_spi_ex.c.obj
LOAD CMakeFiles/Tanks.elf.dir/Drivers/STM32G4xx_HAL_Driver/Src/stm32g4xx_hal_tim.c.obj
LOAD CMakeFiles/Tanks.elf.dir/Drivers/STM32G4xx_HAL_Driver/Src/stm32g4xx_hal_tim_ex.c.obj
LOAD CMakeFiles/Tanks.elf.dir/Game/Src/entity.cpp.obj
LOAD CMakeFiles/Tanks.elf.dir/Game/Src/game.cpp.obj
LOAD CMakeFiles/Tanks.elf.dir/Game/Src/shell.cpp.obj
LOAD CMakeFiles/Tanks.elf.dir/Game/Src/tank.cpp.obj
LOAD C:/PROGRA~2/ARMGNU~1/14EFD8~1.2RE/bin/../lib/gcc/arm-none-eabi/14.2.1/thumb/v7e-m/nofp\libstdc++.a
LOAD C:/PROGRA~2/ARMGNU~1/14EFD8~1.2RE/bin/../lib/gcc/arm-none-eabi/14.2.1/thumb/v7e-m/nofp\libm.a
START GROUP
LOAD C:/PROGRA~2/ARMGNU~1/14EFD8~1.2RE/bin/../lib/gcc/arm-none-eabi/14.2.1/thumb/v7e-m/nofp\libgcc.a
LOAD C:/PROGRA~2/ARMGNU~1/14EFD8~1.2RE/bin/../lib/gcc/arm-none-eabi/14.2.1/thumb/v7e-m/nofp\libg.a
LOAD C:/PROGRA~2/ARMGNU~1/14EFD8~1.2RE/bin/../lib/gcc/arm-none-eabi/14.2.1/thumb/v7e-m/nofp\libc.a
END GROUP
LOAD C:/PROGRA~2/ARMGNU~1/14EFD8~1.2RE/bin/../lib/gcc/arm-none-eabi/14.2.1/thumb/v7e-m/nofp/crtend.o
LOAD C:/PROGRA~2/ARMGNU~1/14EFD8~1.2RE/bin/../lib/gcc/arm-none-eabi/14.2.1/thumb/v7e-m/nofp/crtn.o
                0x20020000                        _estack = (ORIGIN (RAM) + LENGTH (RAM))
                0x00000200                        _Min_Heap_Size = 0x200
                0x00000400                        _Min_Stack_Size = 0x400

.isr_vector     0x08000000      0x1d8
                0x08000000                        . = ALIGN (0x4)
 *(.isr_vector)
 .isr_vector    0x08000000      0x1d8 CMakeFiles/Tanks.elf.dir/Core/Startup/startup_stm32g474ceux.s.obj
                0x08000000                g_pfnVectors
                0x080001d8                        . = ALIGN (0x4)

.text           0x08000200    0x14b44
                0x08000200                        . = ALIGN (0x4)
 *(.text)
 .text          0x08000200      0x378 C:/PROGRA~2/ARMGNU~1/14EFD8~1.2RE/bin/../lib/gcc/arm-none-eabi/14.2.1/thumb/v7e-m/nofp\libgcc.a(_arm_addsubdf3.o)
                0x08000200                __aeabi_drsub
                0x08000208                __aeabi_dsub
                0x08000208                __subdf3
                0x0800020c                __aeabi_dadd
                0x0800020c                __adddf3
                0x08000484                __floatunsidf
                0x08000484                __aeabi_ui2d
                0x080004a4                __floatsidf
                0x080004a4                __aeabi_i2d
                0x080004c8                __aeabi_f2d
                0x080004c8                __extendsfdf2
                0x0800050c                __floatundidf
                0x0800050c                __aeabi_ul2d
                0x0800051c                __floatdidf
                0x0800051c                __aeabi_l2d
 .text          0x08000578      0x110 C:/PROGRA~2/ARMGNU~1/14EFD8~1.2RE/bin/../lib/gcc/arm-none-eabi/14.2.1/thumb/v7e-m/nofp\libgcc.a(_arm_cmpdf2.o)
                0x08000578                __gtdf2
                0x08000578                __gedf2
                0x08000580                __ltdf2
                0x08000580                __ledf2
                0x08000588                __nedf2
                0x08000588                __eqdf2
                0x08000588                __cmpdf2
                0x08000604                __aeabi_cdrcmple
                0x08000614                __aeabi_cdcmpeq
                0x08000614                __aeabi_cdcmple
                0x08000624                __aeabi_dcmpeq
                0x08000638                __aeabi_dcmplt
                0x0800064c                __aeabi_dcmple
                0x08000660                __aeabi_dcmpge
                0x08000674                __aeabi_dcmpgt
 .text          0x08000688      0x1ac C:/PROGRA~2/ARMGNU~1/14EFD8~1.2RE/bin/../lib/gcc/arm-none-eabi/14.2.1/thumb/v7e-m/nofp\libgcc.a(libunwind.o)
                0x08000688                __restore_core_regs
                0x08000688                restore_core_regs
                0x080006a0                __gnu_Unwind_Restore_VFP
                0x080006a8                __gnu_Unwind_Save_VFP
                0x080006b0                __gnu_Unwind_Restore_VFP_D
                0x080006b8                __gnu_Unwind_Save_VFP_D
                0x080006c0                __gnu_Unwind_Restore_VFP_D_16_to_31
                0x080006c8                __gnu_Unwind_Save_VFP_D_16_to_31
                0x080006d0                __gnu_Unwind_Restore_WMMXD
                0x08000714                __gnu_Unwind_Save_WMMXD
                0x08000758                __gnu_Unwind_Restore_WMMXC
                0x0800076c                __gnu_Unwind_Save_WMMXC
                0x08000780                ___Unwind_RaiseException
                0x08000780                _Unwind_RaiseException
                0x080007a4                _Unwind_Resume
                0x080007a4                ___Unwind_Resume
                0x080007c8                _Unwind_Resume_or_Rethrow
                0x080007c8                ___Unwind_Resume_or_Rethrow
                0x080007ec                _Unwind_ForcedUnwind
                0x080007ec                ___Unwind_ForcedUnwind
                0x08000810                ___Unwind_Backtrace
                0x08000810                _Unwind_Backtrace
 *fill*         0x08000834        0xc 
 .text          0x08000840      0x2e0 C:/PROGRA~2/ARMGNU~1/14EFD8~1.2RE/bin/../lib/gcc/arm-none-eabi/14.2.1/thumb/v7e-m/nofp\libg.a(libc_a-strcmp.o)
                0x08000840                strcmp
 .text          0x08000b20       0xa0 C:/PROGRA~2/ARMGNU~1/14EFD8~1.2RE/bin/../lib/gcc/arm-none-eabi/14.2.1/thumb/v7e-m/nofp\libg.a(libc_a-memchr.o)
                0x08000b20                memchr
 .text          0x08000bc0      0x134 C:/PROGRA~2/ARMGNU~1/14EFD8~1.2RE/bin/../lib/gcc/arm-none-eabi/14.2.1/thumb/v7e-m/nofp\libg.a(libc_a-memcpy.o)
                0x08000bc0                memcpy
 *fill*         0x08000cf4        0xc 
 .text          0x08000d00       0xd8 C:/PROGRA~2/ARMGNU~1/14EFD8~1.2RE/bin/../lib/gcc/arm-none-eabi/14.2.1/thumb/v7e-m/nofp\libg.a(libc_a-strlen.o)
                0x08000d00                strlen
 .text          0x08000dd8      0x424 C:/PROGRA~2/ARMGNU~1/14EFD8~1.2RE/bin/../lib/gcc/arm-none-eabi/14.2.1/thumb/v7e-m/nofp\libgcc.a(_arm_muldivdf3.o)
                0x08000dd8                __aeabi_dmul
                0x08000dd8                __muldf3
                0x0800102c                __divdf3
                0x0800102c                __aeabi_ddiv
 .text          0x080011fc       0x2c C:/PROGRA~2/ARMGNU~1/14EFD8~1.2RE/bin/../lib/gcc/arm-none-eabi/14.2.1/thumb/v7e-m/nofp\libgcc.a(_arm_unorddf2.o)
                0x080011fc                __unorddf2
                0x080011fc                __aeabi_dcmpun
 .text          0x08001228       0x50 C:/PROGRA~2/ARMGNU~1/14EFD8~1.2RE/bin/../lib/gcc/arm-none-eabi/14.2.1/thumb/v7e-m/nofp\libgcc.a(_arm_fixdfsi.o)
                0x08001228                __aeabi_d2iz
                0x08001228                __fixdfsi
 *(.text*)
 .text.deregister_tm_clones
                0x08001278       0x1c C:/PROGRA~2/ARMGNU~1/14EFD8~1.2RE/bin/../lib/gcc/arm-none-eabi/14.2.1/thumb/v7e-m/nofp/crtbegin.o
 .text.register_tm_clones
                0x08001294       0x24 C:/PROGRA~2/ARMGNU~1/14EFD8~1.2RE/bin/../lib/gcc/arm-none-eabi/14.2.1/thumb/v7e-m/nofp/crtbegin.o
 .text.__do_global_dtors_aux
                0x080012b8       0x28 C:/PROGRA~2/ARMGNU~1/14EFD8~1.2RE/bin/../lib/gcc/arm-none-eabi/14.2.1/thumb/v7e-m/nofp/crtbegin.o
 .text.frame_dummy
                0x080012e0       0x24 C:/PROGRA~2/ARMGNU~1/14EFD8~1.2RE/bin/../lib/gcc/arm-none-eabi/14.2.1/thumb/v7e-m/nofp/crtbegin.o
 .text.MX_DMA_Init
                0x08001304       0x44 CMakeFiles/Tanks.elf.dir/Core/Src/dma.c.obj
                0x08001304                MX_DMA_Init
 .text.MX_GPIO_Init
                0x08001348       0x64 CMakeFiles/Tanks.elf.dir/Core/Src/gpio.c.obj
                0x08001348                MX_GPIO_Init
 .text.Error_Handler
                0x080013ac        0x4 CMakeFiles/Tanks.elf.dir/Core/Src/main.cpp.obj
                0x080013ac                Error_Handler
 .text._Z18SystemClock_Configv
                0x080013b0       0x70 CMakeFiles/Tanks.elf.dir/Core/Src/main.cpp.obj
                0x080013b0                SystemClock_Config()
 .text._ZNSt7__cxx1110_List_baseIP4TankSaIS2_EE8_M_clearEv
                0x08001420       0x18 CMakeFiles/Tanks.elf.dir/Core/Src/main.cpp.obj
                0x08001420                std::__cxx11::_List_base<Tank*, std::allocator<Tank*> >::_M_clear()
 .text._ZNSt7__cxx1110_List_baseIP5ShellSaIS2_EE8_M_clearEv
                0x08001438       0x18 CMakeFiles/Tanks.elf.dir/Core/Src/main.cpp.obj
                0x08001438                std::__cxx11::_List_base<Shell*, std::allocator<Shell*> >::_M_clear()
 .text._ZNSt7__cxx114listIP5ShellSaIS2_EE8_M_eraseESt14_List_iteratorIS2_E
                0x08001450       0x1a CMakeFiles/Tanks.elf.dir/Core/Src/main.cpp.obj
                0x08001450                std::__cxx11::list<Shell*, std::allocator<Shell*> >::_M_erase(std::_List_iterator<Shell*>)
 .text._ZNSt7__cxx114listIP5ShellSaIS2_EE5eraseESt20_List_const_iteratorIS2_E
                0x0800146a        0xc CMakeFiles/Tanks.elf.dir/Core/Src/main.cpp.obj
                0x0800146a                std::__cxx11::list<Shell*, std::allocator<Shell*> >::erase(std::_List_const_iterator<Shell*>)
 .text._ZNSt7__cxx114listIP4TankSaIS2_EE8_M_eraseESt14_List_iteratorIS2_E
                0x08001476       0x1a CMakeFiles/Tanks.elf.dir/Core/Src/main.cpp.obj
                0x08001476                std::__cxx11::list<Tank*, std::allocator<Tank*> >::_M_erase(std::_List_iterator<Tank*>)
 .text._ZNSt7__cxx114listIP4TankSaIS2_EE5eraseESt20_List_const_iteratorIS2_E
                0x08001490        0xc CMakeFiles/Tanks.elf.dir/Core/Src/main.cpp.obj
                0x08001490                std::__cxx11::list<Tank*, std::allocator<Tank*> >::erase(std::_List_const_iterator<Tank*>)
 .text._ZNSt15__allocated_ptrISaISt10_List_nodeIP4TankEEED2Ev
                0x0800149c       0x12 CMakeFiles/Tanks.elf.dir/Core/Src/main.cpp.obj
                0x0800149c                std::__allocated_ptr<std::allocator<std::_List_node<Tank*> > >::~__allocated_ptr()
                0x0800149c                std::__allocated_ptr<std::allocator<std::_List_node<Tank*> > >::~__allocated_ptr()
 .text._ZNSt7__cxx114listIP4TankSaIS2_EE14_M_create_nodeIJS2_EEEPSt10_List_nodeIS2_EDpOT_
                0x080014ae       0x28 CMakeFiles/Tanks.elf.dir/Core/Src/main.cpp.obj
                0x080014ae                std::_List_node<Tank*>* std::__cxx11::list<Tank*, std::allocator<Tank*> >::_M_create_node<Tank*>(Tank*&&)
 .text._ZNSt7__cxx114listIP4TankSaIS2_EE9_M_insertIJS2_EEEvSt14_List_iteratorIS2_EDpOT_
                0x080014d6       0x1a CMakeFiles/Tanks.elf.dir/Core/Src/main.cpp.obj
                0x080014d6                void std::__cxx11::list<Tank*, std::allocator<Tank*> >::_M_insert<Tank*>(std::_List_iterator<Tank*>, Tank*&&)
 .text._ZNSt7__cxx114listIP4TankSaIS2_EE9push_backEOS2_
                0x080014f0        0xc CMakeFiles/Tanks.elf.dir/Core/Src/main.cpp.obj
                0x080014f0                std::__cxx11::list<Tank*, std::allocator<Tank*> >::push_back(Tank*&&)
 .text.main     0x080014fc      0x224 CMakeFiles/Tanks.elf.dir/Core/Src/main.cpp.obj
                0x080014fc                main
 .text.MX_SPI1_Init
                0x08001720       0x50 CMakeFiles/Tanks.elf.dir/Core/Src/spi.c.obj
                0x08001720                MX_SPI1_Init
 .text.HAL_SPI_MspInit
                0x08001770       0x9c CMakeFiles/Tanks.elf.dir/Core/Src/spi.c.obj
                0x08001770                HAL_SPI_MspInit
 .text.HAL_MspInit
                0x0800180c       0x38 CMakeFiles/Tanks.elf.dir/Core/Src/stm32g4xx_hal_msp.c.obj
                0x0800180c                HAL_MspInit
 .text.NMI_Handler
                0x08001844        0x2 CMakeFiles/Tanks.elf.dir/Core/Src/stm32g4xx_it.c.obj
                0x08001844                NMI_Handler
 .text.HardFault_Handler
                0x08001846        0x2 CMakeFiles/Tanks.elf.dir/Core/Src/stm32g4xx_it.c.obj
                0x08001846                HardFault_Handler
 .text.MemManage_Handler
                0x08001848        0x2 CMakeFiles/Tanks.elf.dir/Core/Src/stm32g4xx_it.c.obj
                0x08001848                MemManage_Handler
 .text.BusFault_Handler
                0x0800184a        0x2 CMakeFiles/Tanks.elf.dir/Core/Src/stm32g4xx_it.c.obj
                0x0800184a                BusFault_Handler
 .text.UsageFault_Handler
                0x0800184c        0x2 CMakeFiles/Tanks.elf.dir/Core/Src/stm32g4xx_it.c.obj
                0x0800184c                UsageFault_Handler
 .text.SVC_Handler
                0x0800184e        0x2 CMakeFiles/Tanks.elf.dir/Core/Src/stm32g4xx_it.c.obj
                0x0800184e                SVC_Handler
 .text.DebugMon_Handler
                0x08001850        0x2 CMakeFiles/Tanks.elf.dir/Core/Src/stm32g4xx_it.c.obj
                0x08001850                DebugMon_Handler
 .text.PendSV_Handler
                0x08001852        0x2 CMakeFiles/Tanks.elf.dir/Core/Src/stm32g4xx_it.c.obj
                0x08001852                PendSV_Handler
 .text.SysTick_Handler
                0x08001854        0x8 CMakeFiles/Tanks.elf.dir/Core/Src/stm32g4xx_it.c.obj
                0x08001854                SysTick_Handler
 .text.DMA1_Channel1_IRQHandler
                0x0800185c       0x10 CMakeFiles/Tanks.elf.dir/Core/Src/stm32g4xx_it.c.obj
                0x0800185c                DMA1_Channel1_IRQHandler
 .text._getpid  0x0800186c        0x4 CMakeFiles/Tanks.elf.dir/Core/Src/syscalls.c.obj
                0x0800186c                _getpid
 .text._kill    0x08001870       0x10 CMakeFiles/Tanks.elf.dir/Core/Src/syscalls.c.obj
                0x08001870                _kill
 .text._exit    0x08001880        0xc CMakeFiles/Tanks.elf.dir/Core/Src/syscalls.c.obj
                0x08001880                _exit
 .text._read    0x0800188c       0x20 CMakeFiles/Tanks.elf.dir/Core/Src/syscalls.c.obj
                0x0800188c                _read
 .text._write   0x080018ac       0x1c CMakeFiles/Tanks.elf.dir/Core/Src/syscalls.c.obj
                0x080018ac                _write
 .text._close   0x080018c8        0x6 CMakeFiles/Tanks.elf.dir/Core/Src/syscalls.c.obj
                0x080018c8                _close
 .text._fstat   0x080018ce        0xa CMakeFiles/Tanks.elf.dir/Core/Src/syscalls.c.obj
                0x080018ce                _fstat
 .text._isatty  0x080018d8        0x4 CMakeFiles/Tanks.elf.dir/Core/Src/syscalls.c.obj
                0x080018d8                _isatty
 .text._lseek   0x080018dc        0x4 CMakeFiles/Tanks.elf.dir/Core/Src/syscalls.c.obj
                0x080018dc                _lseek
 .text._sbrk    0x080018e0       0x48 CMakeFiles/Tanks.elf.dir/Core/Src/sysmem.c.obj
                0x080018e0                _sbrk
 .text.SystemInit
                0x08001928        0x2 CMakeFiles/Tanks.elf.dir/Core/Src/system_stm32g4xx.c.obj
                0x08001928                SystemInit
 *fill*         0x0800192a        0x2 
 .text.HAL_TIM_Base_MspInit
                0x0800192c       0x2c CMakeFiles/Tanks.elf.dir/Core/Src/tim.c.obj
                0x0800192c                HAL_TIM_Base_MspInit
 .text.HAL_TIM_MspPostInit
                0x08001958       0x54 CMakeFiles/Tanks.elf.dir/Core/Src/tim.c.obj
                0x08001958                HAL_TIM_MspPostInit
 .text.MX_TIM1_Init
                0x080019ac       0xfc CMakeFiles/Tanks.elf.dir/Core/Src/tim.c.obj
                0x080019ac                MX_TIM1_Init
 .text.Reset_Handler
                0x08001aa8       0x50 CMakeFiles/Tanks.elf.dir/Core/Startup/startup_stm32g474ceux.s.obj
                0x08001aa8                Reset_Handler
 .text.Default_Handler
                0x08001af8        0x2 CMakeFiles/Tanks.elf.dir/Core/Startup/startup_stm32g474ceux.s.obj
                0x08001af8                RTC_Alarm_IRQHandler
                0x08001af8                EXTI2_IRQHandler
                0x08001af8                TIM8_TRG_COM_IRQHandler
                0x08001af8                TIM8_CC_IRQHandler
                0x08001af8                HRTIM1_Master_IRQHandler
                0x08001af8                SPI4_IRQHandler
                0x08001af8                FDCAN3_IT0_IRQHandler
                0x08001af8                TIM1_CC_IRQHandler
                0x08001af8                HRTIM1_FLT_IRQHandler
                0x08001af8                HRTIM1_TIMF_IRQHandler
                0x08001af8                USB_HP_IRQHandler
                0x08001af8                CORDIC_IRQHandler
                0x08001af8                HRTIM1_TIMD_IRQHandler
                0x08001af8                DMA2_Channel8_IRQHandler
                0x08001af8                EXTI3_IRQHandler
                0x08001af8                I2C3_ER_IRQHandler
                0x08001af8                EXTI0_IRQHandler
                0x08001af8                I2C2_EV_IRQHandler
                0x08001af8                FPU_IRQHandler
                0x08001af8                FDCAN1_IT1_IRQHandler
                0x08001af8                TIM1_UP_TIM16_IRQHandler
                0x08001af8                ADC1_2_IRQHandler
                0x08001af8                HRTIM1_TIME_IRQHandler
                0x08001af8                SPI1_IRQHandler
                0x08001af8                TIM6_DAC_IRQHandler
                0x08001af8                HRTIM1_TIMC_IRQHandler
                0x08001af8                TIM8_UP_IRQHandler
                0x08001af8                DMA2_Channel2_IRQHandler
                0x08001af8                DMA1_Channel4_IRQHandler
                0x08001af8                TIM20_TRG_COM_IRQHandler
                0x08001af8                USART3_IRQHandler
                0x08001af8                DMA1_Channel7_IRQHandler
                0x08001af8                UART5_IRQHandler
                0x08001af8                ADC3_IRQHandler
                0x08001af8                TIM4_IRQHandler
                0x08001af8                DMA2_Channel1_IRQHandler
                0x08001af8                QUADSPI_IRQHandler
                0x08001af8                I2C1_EV_IRQHandler
                0x08001af8                DMA1_Channel6_IRQHandler
                0x08001af8                UART4_IRQHandler
                0x08001af8                DMA2_Channel4_IRQHandler
                0x08001af8                TIM3_IRQHandler
                0x08001af8                RCC_IRQHandler
                0x08001af8                TIM20_UP_IRQHandler
                0x08001af8                Default_Handler
                0x08001af8                DMA2_Channel7_IRQHandler
                0x08001af8                RTC_TAMP_LSECSS_IRQHandler
                0x08001af8                FMAC_IRQHandler
                0x08001af8                EXTI15_10_IRQHandler
                0x08001af8                DMA1_Channel8_IRQHandler
                0x08001af8                HRTIM1_TIMA_IRQHandler
                0x08001af8                TIM7_DAC_IRQHandler
                0x08001af8                FDCAN3_IT1_IRQHandler
                0x08001af8                TIM5_IRQHandler
                0x08001af8                UCPD1_IRQHandler
                0x08001af8                I2C3_EV_IRQHandler
                0x08001af8                EXTI9_5_IRQHandler
                0x08001af8                RTC_WKUP_IRQHandler
                0x08001af8                PVD_PVM_IRQHandler
                0x08001af8                SPI2_IRQHandler
                0x08001af8                ADC5_IRQHandler
                0x08001af8                DMA2_Channel5_IRQHandler
                0x08001af8                CRS_IRQHandler
                0x08001af8                DMA1_Channel5_IRQHandler
                0x08001af8                USB_LP_IRQHandler
                0x08001af8                EXTI4_IRQHandler
                0x08001af8                RNG_IRQHandler
                0x08001af8                HRTIM1_TIMB_IRQHandler
                0x08001af8                TIM1_TRG_COM_TIM17_IRQHandler
                0x08001af8                FDCAN2_IT1_IRQHandler
                0x08001af8                DMA1_Channel3_IRQHandler
                0x08001af8                ADC4_IRQHandler
                0x08001af8                WWDG_IRQHandler
                0x08001af8                I2C4_EV_IRQHandler
                0x08001af8                FDCAN2_IT0_IRQHandler
                0x08001af8                LPUART1_IRQHandler
                0x08001af8                DMA2_Channel6_IRQHandler
                0x08001af8                FDCAN1_IT0_IRQHandler
                0x08001af8                TIM2_IRQHandler
                0x08001af8                COMP7_IRQHandler
                0x08001af8                COMP1_2_3_IRQHandler
                0x08001af8                EXTI1_IRQHandler
                0x08001af8                USART2_IRQHandler
                0x08001af8                COMP4_5_6_IRQHandler
                0x08001af8                TIM20_BRK_IRQHandler
                0x08001af8                I2C2_ER_IRQHandler
                0x08001af8                DMA1_Channel2_IRQHandler
                0x08001af8                TIM8_BRK_IRQHandler
                0x08001af8                FLASH_IRQHandler
                0x08001af8                TIM20_CC_IRQHandler
                0x08001af8                USART1_IRQHandler
                0x08001af8                SPI3_IRQHandler
                0x08001af8                I2C1_ER_IRQHandler
                0x08001af8                FMC_IRQHandler
                0x08001af8                LPTIM1_IRQHandler
                0x08001af8                DMAMUX_OVR_IRQHandler
                0x08001af8                I2C4_ER_IRQHandler
                0x08001af8                USBWakeUp_IRQHandler
                0x08001af8                SAI1_IRQHandler
                0x08001af8                DMA2_Channel3_IRQHandler
                0x08001af8                TIM1_BRK_TIM15_IRQHandler
 *fill*         0x08001afa        0x2 
 .text.ST7789_WriteCommand
                0x08001afc       0x40 CMakeFiles/Tanks.elf.dir/Drivers/ST7789/st7789.c.obj
 .text.ST7789_WriteData
                0x08001b3c       0x58 CMakeFiles/Tanks.elf.dir/Drivers/ST7789/st7789.c.obj
 .text.ST7789_SetAddressWindow
                0x08001b94       0x60 CMakeFiles/Tanks.elf.dir/Drivers/ST7789/st7789.c.obj
 .text.ST7789_WriteSmallData
                0x08001bf4       0x44 CMakeFiles/Tanks.elf.dir/Drivers/ST7789/st7789.c.obj
 .text.ST7789_SetRotation
                0x08001c38       0x36 CMakeFiles/Tanks.elf.dir/Drivers/ST7789/st7789.c.obj
                0x08001c38                ST7789_SetRotation
 .text.ST7789_DrawPixel
                0x08001c6e       0x34 CMakeFiles/Tanks.elf.dir/Drivers/ST7789/st7789.c.obj
                0x08001c6e                ST7789_DrawPixel
 .text.ST7789_DrawLine
                0x08001ca2       0xae CMakeFiles/Tanks.elf.dir/Drivers/ST7789/st7789.c.obj
                0x08001ca2                ST7789_DrawLine
 .text.ST7789_DrawImage
                0x08001d50       0x42 CMakeFiles/Tanks.elf.dir/Drivers/ST7789/st7789.c.obj
                0x08001d50                ST7789_DrawImage
 .text.wmemset  0x08001d92       0x38 CMakeFiles/Tanks.elf.dir/Drivers/ST7789/st7789.c.obj
                0x08001d92                wmemset
 *fill*         0x08001dca        0x2 
 .text.ST7789_Fill_Color
                0x08001dcc       0x44 CMakeFiles/Tanks.elf.dir/Drivers/ST7789/st7789.c.obj
                0x08001dcc                ST7789_Fill_Color
 .text.ST7789_Init
                0x08001e10      0x15c CMakeFiles/Tanks.elf.dir/Drivers/ST7789/st7789.c.obj
                0x08001e10                ST7789_Init
 .text.ST7789_Fill
                0x08001f6c       0x4e CMakeFiles/Tanks.elf.dir/Drivers/ST7789/st7789.c.obj
                0x08001f6c                ST7789_Fill
 *fill*         0x08001fba        0x2 
 .text.HAL_InitTick
                0x08001fbc       0x50 CMakeFiles/Tanks.elf.dir/Drivers/STM32G4xx_HAL_Driver/Src/stm32g4xx_hal.c.obj
                0x08001fbc                HAL_InitTick
 .text.HAL_Init
                0x0800200c       0x1e CMakeFiles/Tanks.elf.dir/Drivers/STM32G4xx_HAL_Driver/Src/stm32g4xx_hal.c.obj
                0x0800200c                HAL_Init
 *fill*         0x0800202a        0x2 
 .text.HAL_IncTick
                0x0800202c       0x18 CMakeFiles/Tanks.elf.dir/Drivers/STM32G4xx_HAL_Driver/Src/stm32g4xx_hal.c.obj
                0x0800202c                HAL_IncTick
 .text.HAL_GetTick
                0x08002044        0xc CMakeFiles/Tanks.elf.dir/Drivers/STM32G4xx_HAL_Driver/Src/stm32g4xx_hal.c.obj
                0x08002044                HAL_GetTick
 .text.HAL_Delay
                0x08002050       0x28 CMakeFiles/Tanks.elf.dir/Drivers/STM32G4xx_HAL_Driver/Src/stm32g4xx_hal.c.obj
                0x08002050                HAL_Delay
 .text.__NVIC_EnableIRQ
                0x08002078       0x1c CMakeFiles/Tanks.elf.dir/Drivers/STM32G4xx_HAL_Driver/Src/stm32g4xx_hal_cortex.c.obj
 .text.__NVIC_SetPriority
                0x08002094       0x28 CMakeFiles/Tanks.elf.dir/Drivers/STM32G4xx_HAL_Driver/Src/stm32g4xx_hal_cortex.c.obj
 .text.NVIC_EncodePriority
                0x080020bc       0x3e CMakeFiles/Tanks.elf.dir/Drivers/STM32G4xx_HAL_Driver/Src/stm32g4xx_hal_cortex.c.obj
 *fill*         0x080020fa        0x2 
 .text.HAL_NVIC_SetPriorityGrouping
                0x080020fc       0x24 CMakeFiles/Tanks.elf.dir/Drivers/STM32G4xx_HAL_Driver/Src/stm32g4xx_hal_cortex.c.obj
                0x080020fc                HAL_NVIC_SetPriorityGrouping
 .text.HAL_NVIC_SetPriority
                0x08002120       0x20 CMakeFiles/Tanks.elf.dir/Drivers/STM32G4xx_HAL_Driver/Src/stm32g4xx_hal_cortex.c.obj
                0x08002120                HAL_NVIC_SetPriority
 .text.HAL_NVIC_EnableIRQ
                0x08002140        0x8 CMakeFiles/Tanks.elf.dir/Drivers/STM32G4xx_HAL_Driver/Src/stm32g4xx_hal_cortex.c.obj
                0x08002140                HAL_NVIC_EnableIRQ
 .text.HAL_SYSTICK_Config
                0x08002148       0x28 CMakeFiles/Tanks.elf.dir/Drivers/STM32G4xx_HAL_Driver/Src/stm32g4xx_hal_cortex.c.obj
                0x08002148                HAL_SYSTICK_Config
 .text.DMA_SetConfig
                0x08002170       0x4e CMakeFiles/Tanks.elf.dir/Drivers/STM32G4xx_HAL_Driver/Src/stm32g4xx_hal_dma.c.obj
 *fill*         0x080021be        0x2 
 .text.DMA_CalcDMAMUXChannelBaseAndMask
                0x080021c0       0x48 CMakeFiles/Tanks.elf.dir/Drivers/STM32G4xx_HAL_Driver/Src/stm32g4xx_hal_dma.c.obj
 .text.DMA_CalcDMAMUXRequestGenBaseAndMask
                0x08002208       0x28 CMakeFiles/Tanks.elf.dir/Drivers/STM32G4xx_HAL_Driver/Src/stm32g4xx_hal_dma.c.obj
 .text.HAL_DMA_Init
                0x08002230       0xd4 CMakeFiles/Tanks.elf.dir/Drivers/STM32G4xx_HAL_Driver/Src/stm32g4xx_hal_dma.c.obj
                0x08002230                HAL_DMA_Init
 .text.HAL_DMA_Start_IT
                0x08002304       0x92 CMakeFiles/Tanks.elf.dir/Drivers/STM32G4xx_HAL_Driver/Src/stm32g4xx_hal_dma.c.obj
                0x08002304                HAL_DMA_Start_IT
 .text.HAL_DMA_IRQHandler
                0x08002396       0xc4 CMakeFiles/Tanks.elf.dir/Drivers/STM32G4xx_HAL_Driver/Src/stm32g4xx_hal_dma.c.obj
                0x08002396                HAL_DMA_IRQHandler
 *fill*         0x0800245a        0x2 
 .text.HAL_GPIO_Init
                0x0800245c      0x1dc CMakeFiles/Tanks.elf.dir/Drivers/STM32G4xx_HAL_Driver/Src/stm32g4xx_hal_gpio.c.obj
                0x0800245c                HAL_GPIO_Init
 .text.HAL_GPIO_WritePin
                0x08002638        0xa CMakeFiles/Tanks.elf.dir/Drivers/STM32G4xx_HAL_Driver/Src/stm32g4xx_hal_gpio.c.obj
                0x08002638                HAL_GPIO_WritePin
 *fill*         0x08002642        0x2 
 .text.HAL_PWREx_ControlVoltageScaling
                0x08002644      0x10c CMakeFiles/Tanks.elf.dir/Drivers/STM32G4xx_HAL_Driver/Src/stm32g4xx_hal_pwr_ex.c.obj
                0x08002644                HAL_PWREx_ControlVoltageScaling
 .text.HAL_PWREx_DisableUCPDDeadBattery
                0x08002750       0x10 CMakeFiles/Tanks.elf.dir/Drivers/STM32G4xx_HAL_Driver/Src/stm32g4xx_hal_pwr_ex.c.obj
                0x08002750                HAL_PWREx_DisableUCPDDeadBattery
 .text.RCC_GetSysClockFreqFromPLLSource
                0x08002760       0x58 CMakeFiles/Tanks.elf.dir/Drivers/STM32G4xx_HAL_Driver/Src/stm32g4xx_hal_rcc.c.obj
 .text.HAL_RCC_OscConfig
                0x080027b8      0x4e4 CMakeFiles/Tanks.elf.dir/Drivers/STM32G4xx_HAL_Driver/Src/stm32g4xx_hal_rcc.c.obj
                0x080027b8                HAL_RCC_OscConfig
 .text.HAL_RCC_GetSysClockFreq
                0x08002c9c       0x88 CMakeFiles/Tanks.elf.dir/Drivers/STM32G4xx_HAL_Driver/Src/stm32g4xx_hal_rcc.c.obj
                0x08002c9c                HAL_RCC_GetSysClockFreq
 .text.HAL_RCC_ClockConfig
                0x08002d24      0x1f8 CMakeFiles/Tanks.elf.dir/Drivers/STM32G4xx_HAL_Driver/Src/stm32g4xx_hal_rcc.c.obj
                0x08002d24                HAL_RCC_ClockConfig
 .text.SPI_WaitFlagStateUntilTimeout
                0x08002f1c       0xc8 CMakeFiles/Tanks.elf.dir/Drivers/STM32G4xx_HAL_Driver/Src/stm32g4xx_hal_spi.c.obj
 .text.SPI_WaitFifoStateUntilTimeout
                0x08002fe4       0xf0 CMakeFiles/Tanks.elf.dir/Drivers/STM32G4xx_HAL_Driver/Src/stm32g4xx_hal_spi.c.obj
 .text.SPI_EndRxTxTransaction
                0x080030d4       0x62 CMakeFiles/Tanks.elf.dir/Drivers/STM32G4xx_HAL_Driver/Src/stm32g4xx_hal_spi.c.obj
 .text.HAL_SPI_Init
                0x08003136       0xe8 CMakeFiles/Tanks.elf.dir/Drivers/STM32G4xx_HAL_Driver/Src/stm32g4xx_hal_spi.c.obj
                0x08003136                HAL_SPI_Init
 .text.HAL_SPI_Transmit
                0x0800321e      0x20a CMakeFiles/Tanks.elf.dir/Drivers/STM32G4xx_HAL_Driver/Src/stm32g4xx_hal_spi.c.obj
                0x0800321e                HAL_SPI_Transmit
 .text.HAL_SPI_Transmit_DMA
                0x08003428      0x13c CMakeFiles/Tanks.elf.dir/Drivers/STM32G4xx_HAL_Driver/Src/stm32g4xx_hal_spi.c.obj
                0x08003428                HAL_SPI_Transmit_DMA
 .text.HAL_SPI_TxCpltCallback
                0x08003564        0x2 CMakeFiles/Tanks.elf.dir/Drivers/STM32G4xx_HAL_Driver/Src/stm32g4xx_hal_spi.c.obj
                0x08003564                HAL_SPI_TxCpltCallback
 .text.HAL_SPI_TxHalfCpltCallback
                0x08003566        0x2 CMakeFiles/Tanks.elf.dir/Drivers/STM32G4xx_HAL_Driver/Src/stm32g4xx_hal_spi.c.obj
                0x08003566                HAL_SPI_TxHalfCpltCallback
 .text.SPI_DMAHalfTransmitCplt
                0x08003568        0xa CMakeFiles/Tanks.elf.dir/Drivers/STM32G4xx_HAL_Driver/Src/stm32g4xx_hal_spi.c.obj
 .text.HAL_SPI_ErrorCallback
                0x08003572        0x2 CMakeFiles/Tanks.elf.dir/Drivers/STM32G4xx_HAL_Driver/Src/stm32g4xx_hal_spi.c.obj
                0x08003572                HAL_SPI_ErrorCallback
 .text.SPI_DMAError
                0x08003574       0x22 CMakeFiles/Tanks.elf.dir/Drivers/STM32G4xx_HAL_Driver/Src/stm32g4xx_hal_spi.c.obj
 .text.SPI_DMATransmitCplt
                0x08003596       0x70 CMakeFiles/Tanks.elf.dir/Drivers/STM32G4xx_HAL_Driver/Src/stm32g4xx_hal_spi.c.obj
 *fill*         0x08003606        0x2 
 .text.TIM_OC1_SetConfig
                0x08003608       0xac CMakeFiles/Tanks.elf.dir/Drivers/STM32G4xx_HAL_Driver/Src/stm32g4xx_hal_tim.c.obj
 .text.TIM_OC3_SetConfig
                0x080036b4       0x9c CMakeFiles/Tanks.elf.dir/Drivers/STM32G4xx_HAL_Driver/Src/stm32g4xx_hal_tim.c.obj
 .text.TIM_OC4_SetConfig
                0x08003750       0x9c CMakeFiles/Tanks.elf.dir/Drivers/STM32G4xx_HAL_Driver/Src/stm32g4xx_hal_tim.c.obj
 .text.TIM_OC5_SetConfig
                0x080037ec       0x70 CMakeFiles/Tanks.elf.dir/Drivers/STM32G4xx_HAL_Driver/Src/stm32g4xx_hal_tim.c.obj
 .text.TIM_OC6_SetConfig
                0x0800385c       0x74 CMakeFiles/Tanks.elf.dir/Drivers/STM32G4xx_HAL_Driver/Src/stm32g4xx_hal_tim.c.obj
 .text.TIM_TI1_ConfigInputStage
                0x080038d0       0x24 CMakeFiles/Tanks.elf.dir/Drivers/STM32G4xx_HAL_Driver/Src/stm32g4xx_hal_tim.c.obj
 .text.TIM_TI2_ConfigInputStage
                0x080038f4       0x26 CMakeFiles/Tanks.elf.dir/Drivers/STM32G4xx_HAL_Driver/Src/stm32g4xx_hal_tim.c.obj
 .text.TIM_ITRx_SetConfig
                0x0800391a       0x14 CMakeFiles/Tanks.elf.dir/Drivers/STM32G4xx_HAL_Driver/Src/stm32g4xx_hal_tim.c.obj
 .text.HAL_TIM_PWM_MspInit
                0x0800392e        0x2 CMakeFiles/Tanks.elf.dir/Drivers/STM32G4xx_HAL_Driver/Src/stm32g4xx_hal_tim.c.obj
                0x0800392e                HAL_TIM_PWM_MspInit
 .text.TIM_Base_SetConfig
                0x08003930       0xf0 CMakeFiles/Tanks.elf.dir/Drivers/STM32G4xx_HAL_Driver/Src/stm32g4xx_hal_tim.c.obj
                0x08003930                TIM_Base_SetConfig
 .text.HAL_TIM_Base_Init
                0x08003a20       0x60 CMakeFiles/Tanks.elf.dir/Drivers/STM32G4xx_HAL_Driver/Src/stm32g4xx_hal_tim.c.obj
                0x08003a20                HAL_TIM_Base_Init
 .text.HAL_TIM_PWM_Init
                0x08003a80       0x60 CMakeFiles/Tanks.elf.dir/Drivers/STM32G4xx_HAL_Driver/Src/stm32g4xx_hal_tim.c.obj
                0x08003a80                HAL_TIM_PWM_Init
 .text.TIM_OC2_SetConfig
                0x08003ae0       0x9c CMakeFiles/Tanks.elf.dir/Drivers/STM32G4xx_HAL_Driver/Src/stm32g4xx_hal_tim.c.obj
                0x08003ae0                TIM_OC2_SetConfig
 .text.HAL_TIM_PWM_ConfigChannel
                0x08003b7c      0x13a CMakeFiles/Tanks.elf.dir/Drivers/STM32G4xx_HAL_Driver/Src/stm32g4xx_hal_tim.c.obj
                0x08003b7c                HAL_TIM_PWM_ConfigChannel
 .text.TIM_ETR_SetConfig
                0x08003cb6       0x18 CMakeFiles/Tanks.elf.dir/Drivers/STM32G4xx_HAL_Driver/Src/stm32g4xx_hal_tim.c.obj
                0x08003cb6                TIM_ETR_SetConfig
 *fill*         0x08003cce        0x2 
 .text.HAL_TIM_ConfigClockSource
                0x08003cd0      0x154 CMakeFiles/Tanks.elf.dir/Drivers/STM32G4xx_HAL_Driver/Src/stm32g4xx_hal_tim.c.obj
                0x08003cd0                HAL_TIM_ConfigClockSource
 .text.TIM_CCxChannelCmd
                0x08003e24       0x1e CMakeFiles/Tanks.elf.dir/Drivers/STM32G4xx_HAL_Driver/Src/stm32g4xx_hal_tim.c.obj
                0x08003e24                TIM_CCxChannelCmd
 *fill*         0x08003e42        0x2 
 .text.HAL_TIM_PWM_Start
                0x08003e44      0x16c CMakeFiles/Tanks.elf.dir/Drivers/STM32G4xx_HAL_Driver/Src/stm32g4xx_hal_tim.c.obj
                0x08003e44                HAL_TIM_PWM_Start
 .text.TIM_CCxNChannelCmd
                0x08003fb0       0x1e CMakeFiles/Tanks.elf.dir/Drivers/STM32G4xx_HAL_Driver/Src/stm32g4xx_hal_tim_ex.c.obj
 *fill*         0x08003fce        0x2 
 .text.HAL_TIMEx_OCN_Start
                0x08003fd0       0xfc CMakeFiles/Tanks.elf.dir/Drivers/STM32G4xx_HAL_Driver/Src/stm32g4xx_hal_tim_ex.c.obj
                0x08003fd0                HAL_TIMEx_OCN_Start
 .text.HAL_TIMEx_PWMN_Start
                0x080040cc       0xfc CMakeFiles/Tanks.elf.dir/Drivers/STM32G4xx_HAL_Driver/Src/stm32g4xx_hal_tim_ex.c.obj
                0x080040cc                HAL_TIMEx_PWMN_Start
 .text.HAL_TIMEx_MasterConfigSynchronization
                0x080041c8       0xac CMakeFiles/Tanks.elf.dir/Drivers/STM32G4xx_HAL_Driver/Src/stm32g4xx_hal_tim_ex.c.obj
                0x080041c8                HAL_TIMEx_MasterConfigSynchronization
 .text.HAL_TIMEx_ConfigBreakDeadTime
                0x08004274       0xa4 CMakeFiles/Tanks.elf.dir/Drivers/STM32G4xx_HAL_Driver/Src/stm32g4xx_hal_tim_ex.c.obj
                0x08004274                HAL_TIMEx_ConfigBreakDeadTime
 .text._ZN6EntityC2Eiiii
                0x08004318       0x18 CMakeFiles/Tanks.elf.dir/Game/Src/entity.cpp.obj
                0x08004318                Entity::Entity(int, int, int, int)
                0x08004318                Entity::Entity(int, int, int, int)
 .text._ZN6EntityD2Ev
                0x08004330        0xc CMakeFiles/Tanks.elf.dir/Game/Src/entity.cpp.obj
                0x08004330                Entity::~Entity()
                0x08004330                Entity::~Entity()
 .text._Z9is_bookedRK7point_tRK4Tank
                0x0800433c       0x48 CMakeFiles/Tanks.elf.dir/Game/Src/game.cpp.obj
                0x0800433c                is_booked(point_t const&, Tank const&)
 .text._Z17resolve_collizionR4TankS0_
                0x08004384       0x48 CMakeFiles/Tanks.elf.dir/Game/Src/game.cpp.obj
                0x08004384                resolve_collizion(Tank&, Tank&)
 .text._Z17resolve_collizionR5ShellR4Tank
                0x080043cc       0x70 CMakeFiles/Tanks.elf.dir/Game/Src/game.cpp.obj
                0x080043cc                resolve_collizion(Shell&, Tank&)
 .text._ZN5Shell5printEv
                0x0800443c       0x86 CMakeFiles/Tanks.elf.dir/Game/Src/shell.cpp.obj
                0x0800443c                Shell::print()
 *fill*         0x080044c2        0x2 
 .text._ZN5ShellD2Ev
                0x080044c4       0x58 CMakeFiles/Tanks.elf.dir/Game/Src/shell.cpp.obj
                0x080044c4                Shell::~Shell()
                0x080044c4                Shell::~Shell()
 .text._ZN5ShellD0Ev
                0x0800451c       0x14 CMakeFiles/Tanks.elf.dir/Game/Src/shell.cpp.obj
                0x0800451c                Shell::~Shell()
 .text._ZN5ShellC2Eiiii
                0x08004530       0x2c CMakeFiles/Tanks.elf.dir/Game/Src/shell.cpp.obj
                0x08004530                Shell::Shell(int, int, int, int)
                0x08004530                Shell::Shell(int, int, int, int)
 .text._ZN5Shell4moveEv
                0x0800455c       0x56 CMakeFiles/Tanks.elf.dir/Game/Src/shell.cpp.obj
                0x0800455c                Shell::move()
 .text._ZN4Tank5printEv
                0x080045b2       0xb2 CMakeFiles/Tanks.elf.dir/Game/Src/tank.cpp.obj
                0x080045b2                Tank::print()
 .text._ZN4TankD2Ev
                0x08004664       0xbc CMakeFiles/Tanks.elf.dir/Game/Src/tank.cpp.obj
                0x08004664                Tank::~Tank()
                0x08004664                Tank::~Tank()
 .text._ZN4TankD0Ev
                0x08004720       0x14 CMakeFiles/Tanks.elf.dir/Game/Src/tank.cpp.obj
                0x08004720                Tank::~Tank()
 .text._ZN4TankC2Eiiii
                0x08004734       0x54 CMakeFiles/Tanks.elf.dir/Game/Src/tank.cpp.obj
                0x08004734                Tank::Tank(int, int, int, int)
                0x08004734                Tank::Tank(int, int, int, int)
 .text._ZN4Tank4moveEv
                0x08004788       0xa0 CMakeFiles/Tanks.elf.dir/Game/Src/tank.cpp.obj
                0x08004788                Tank::move()
 .text._ZN4Tank4backEb
                0x08004828       0x46 CMakeFiles/Tanks.elf.dir/Game/Src/tank.cpp.obj
                0x08004828                Tank::back(bool)
 .text._ZN4Tank6rotateEi
                0x0800486e       0x24 CMakeFiles/Tanks.elf.dir/Game/Src/tank.cpp.obj
                0x0800486e                Tank::rotate(int)
 *fill*         0x08004892        0x2 
 .text._ZN4Tank6updateEv
                0x08004894       0x88 CMakeFiles/Tanks.elf.dir/Game/Src/tank.cpp.obj
                0x08004894                Tank::update()
 .text._ZNSt15__allocated_ptrISaISt10_List_nodeIP5ShellEEED2Ev
                0x0800491c       0x12 CMakeFiles/Tanks.elf.dir/Game/Src/tank.cpp.obj
                0x0800491c                std::__allocated_ptr<std::allocator<std::_List_node<Shell*> > >::~__allocated_ptr()
                0x0800491c                std::__allocated_ptr<std::allocator<std::_List_node<Shell*> > >::~__allocated_ptr()
 .text._ZNSt7__cxx114listIP5ShellSaIS2_EE14_M_create_nodeIJS2_EEEPSt10_List_nodeIS2_EDpOT_
                0x0800492e       0x28 CMakeFiles/Tanks.elf.dir/Game/Src/tank.cpp.obj
                0x0800492e                std::_List_node<Shell*>* std::__cxx11::list<Shell*, std::allocator<Shell*> >::_M_create_node<Shell*>(Shell*&&)
 .text._ZNSt7__cxx114listIP5ShellSaIS2_EE9_M_insertIJS2_EEEvSt14_List_iteratorIS2_EDpOT_
                0x08004956       0x1a CMakeFiles/Tanks.elf.dir/Game/Src/tank.cpp.obj
                0x08004956                void std::__cxx11::list<Shell*, std::allocator<Shell*> >::_M_insert<Shell*>(std::_List_iterator<Shell*>, Shell*&&)
 .text._ZNSt7__cxx114listIP5ShellSaIS2_EE9push_backEOS2_
                0x08004970        0xc CMakeFiles/Tanks.elf.dir/Game/Src/tank.cpp.obj
                0x08004970                std::__cxx11::list<Shell*, std::allocator<Shell*> >::push_back(Shell*&&)
 .text._ZN4Tank4shotERNSt7__cxx114listIP5ShellSaIS3_EEE
                0x0800497c       0x76 CMakeFiles/Tanks.elf.dir/Game/Src/tank.cpp.obj
                0x0800497c                Tank::shot(std::__cxx11::list<Shell*, std::allocator<Shell*> >&)
 *fill*         0x080049f2        0x2 
 .text._ZNK10__cxxabiv117__class_type_info11__do_upcastEPKS0_PPv
                0x080049f4       0x34 C:/PROGRA~2/ARMGNU~1/14EFD8~1.2RE/bin/../lib/gcc/arm-none-eabi/14.2.1/thumb/v7e-m/nofp\libstdc++.a(class_type_info.o)
                0x080049f4                __cxxabiv1::__class_type_info::__do_upcast(__cxxabiv1::__class_type_info const*, void**) const
 .text._ZNK10__cxxabiv117__class_type_info20__do_find_public_srcEiPKvPKS0_S2_
                0x08004a28        0xc C:/PROGRA~2/ARMGNU~1/14EFD8~1.2RE/bin/../lib/gcc/arm-none-eabi/14.2.1/thumb/v7e-m/nofp\libstdc++.a(class_type_info.o)
                0x08004a28                __cxxabiv1::__class_type_info::__do_find_public_src(int, void const*, __cxxabiv1::__class_type_info const*, void const*) const
 .text._ZN10__cxxabiv117__class_type_infoD2Ev
                0x08004a34       0x14 C:/PROGRA~2/ARMGNU~1/14EFD8~1.2RE/bin/../lib/gcc/arm-none-eabi/14.2.1/thumb/v7e-m/nofp\libstdc++.a(class_type_info.o)
                0x08004a34                __cxxabiv1::__class_type_info::~__class_type_info()
                0x08004a34                __cxxabiv1::__class_type_info::~__class_type_info()
 .text._ZN10__cxxabiv117__class_type_infoD0Ev
                0x08004a48       0x1c C:/PROGRA~2/ARMGNU~1/14EFD8~1.2RE/bin/../lib/gcc/arm-none-eabi/14.2.1/thumb/v7e-m/nofp\libstdc++.a(class_type_info.o)
                0x08004a48                __cxxabiv1::__class_type_info::~__class_type_info()
 .text._ZNK10__cxxabiv117__class_type_info12__do_dyncastEiNS0_10__sub_kindEPKS0_PKvS3_S5_RNS0_16__dyncast_resultE
                0x08004a64       0x44 C:/PROGRA~2/ARMGNU~1/14EFD8~1.2RE/bin/../lib/gcc/arm-none-eabi/14.2.1/thumb/v7e-m/nofp\libstdc++.a(class_type_info.o)
                0x08004a64                __cxxabiv1::__class_type_info::__do_dyncast(int, __cxxabiv1::__class_type_info::__sub_kind, __cxxabiv1::__class_type_info const*, void const*, __cxxabiv1::__class_type_info const*, void const*, __cxxabiv1::__class_type_info::__dyncast_result&) const
 .text._ZNK10__cxxabiv117__class_type_info11__do_upcastEPKS0_PKvRNS0_15__upcast_resultE
                0x08004aa8       0x1c C:/PROGRA~2/ARMGNU~1/14EFD8~1.2RE/bin/../lib/gcc/arm-none-eabi/14.2.1/thumb/v7e-m/nofp\libstdc++.a(class_type_info.o)
                0x08004aa8                __cxxabiv1::__class_type_info::__do_upcast(__cxxabiv1::__class_type_info const*, void const*, __cxxabiv1::__class_type_info::__upcast_result&) const
 .text._ZNK10__cxxabiv117__class_type_info10__do_catchEPKSt9type_infoPPvj
                0x08004ac4       0x2c C:/PROGRA~2/ARMGNU~1/14EFD8~1.2RE/bin/../lib/gcc/arm-none-eabi/14.2.1/thumb/v7e-m/nofp\libstdc++.a(class_type_info.o)
                0x08004ac4                __cxxabiv1::__class_type_info::__do_catch(std::type_info const*, void**, unsigned int) const
 .text._ZdlPvj  0x08004af0        0x4 C:/PROGRA~2/ARMGNU~1/14EFD8~1.2RE/bin/../lib/gcc/arm-none-eabi/14.2.1/thumb/v7e-m/nofp\libstdc++.a(del_ops.o)
                0x08004af0                operator delete(void*, unsigned int)
 .text.__cxa_end_cleanup
                0x08004af4        0xc C:/PROGRA~2/ARMGNU~1/14EFD8~1.2RE/bin/../lib/gcc/arm-none-eabi/14.2.1/thumb/v7e-m/nofp\libstdc++.a(eh_arm.o)
                0x08004af4                __cxa_end_cleanup
 .text.__cxa_type_match
                0x08004b00       0xb0 C:/PROGRA~2/ARMGNU~1/14EFD8~1.2RE/bin/../lib/gcc/arm-none-eabi/14.2.1/thumb/v7e-m/nofp\libstdc++.a(eh_arm.o)
                0x08004b00                __cxa_type_match
 .text.__cxa_begin_cleanup
                0x08004bb0       0x64 C:/PROGRA~2/ARMGNU~1/14EFD8~1.2RE/bin/../lib/gcc/arm-none-eabi/14.2.1/thumb/v7e-m/nofp\libstdc++.a(eh_arm.o)
                0x08004bb0                __cxa_begin_cleanup
 .text.__gnu_end_cleanup
                0x08004c14       0x70 C:/PROGRA~2/ARMGNU~1/14EFD8~1.2RE/bin/../lib/gcc/arm-none-eabi/14.2.1/thumb/v7e-m/nofp\libstdc++.a(eh_arm.o)
                0x08004c14                __gnu_end_cleanup
 .text._ZNSt9exceptionD2Ev
                0x08004c84        0x4 C:/PROGRA~2/ARMGNU~1/14EFD8~1.2RE/bin/../lib/gcc/arm-none-eabi/14.2.1/thumb/v7e-m/nofp\libstdc++.a(eh_exception.o)
                0x08004c84                std::exception::~exception()
                0x08004c84                std::exception::~exception()
 .text._ZNSt13bad_exceptionD2Ev
                0x08004c88        0x4 C:/PROGRA~2/ARMGNU~1/14EFD8~1.2RE/bin/../lib/gcc/arm-none-eabi/14.2.1/thumb/v7e-m/nofp\libstdc++.a(eh_exception.o)
                0x08004c88                std::bad_exception::~bad_exception()
                0x08004c88                std::bad_exception::~bad_exception()
 .text._ZNKSt13bad_exception4whatEv
                0x08004c8c        0x8 C:/PROGRA~2/ARMGNU~1/14EFD8~1.2RE/bin/../lib/gcc/arm-none-eabi/14.2.1/thumb/v7e-m/nofp\libstdc++.a(eh_exception.o)
                0x08004c8c                std::bad_exception::what() const
                0x08004c8c                transaction clone for std::bad_exception::what() const
 .text._ZNSt13bad_exceptionD0Ev
                0x08004c94       0x10 C:/PROGRA~2/ARMGNU~1/14EFD8~1.2RE/bin/../lib/gcc/arm-none-eabi/14.2.1/thumb/v7e-m/nofp\libstdc++.a(eh_exception.o)
                0x08004c94                std::bad_exception::~bad_exception()
 .text.__cxa_get_globals_fast
                0x08004ca4        0x8 C:/PROGRA~2/ARMGNU~1/14EFD8~1.2RE/bin/../lib/gcc/arm-none-eabi/14.2.1/thumb/v7e-m/nofp\libstdc++.a(eh_globals.o)
                0x08004ca4                __cxa_get_globals_fast
 .text.__cxa_get_globals
                0x08004cac        0x8 C:/PROGRA~2/ARMGNU~1/14EFD8~1.2RE/bin/../lib/gcc/arm-none-eabi/14.2.1/thumb/v7e-m/nofp\libstdc++.a(eh_globals.o)
                0x08004cac                __cxa_get_globals
 .text._ZL28read_encoded_value_with_basehjPKhPj
                0x08004cb4       0xc0 C:/PROGRA~2/ARMGNU~1/14EFD8~1.2RE/bin/../lib/gcc/arm-none-eabi/14.2.1/thumb/v7e-m/nofp\libstdc++.a(eh_personality.o)
 .text._ZL21base_of_encoded_valuehP15_Unwind_Context
                0x08004d74       0x44 C:/PROGRA~2/ARMGNU~1/14EFD8~1.2RE/bin/../lib/gcc/arm-none-eabi/14.2.1/thumb/v7e-m/nofp\libstdc++.a(eh_personality.o)
 .text._ZL17parse_lsda_headerP15_Unwind_ContextPKhP16lsda_header_info
                0x08004db8       0x90 C:/PROGRA~2/ARMGNU~1/14EFD8~1.2RE/bin/../lib/gcc/arm-none-eabi/14.2.1/thumb/v7e-m/nofp\libstdc++.a(eh_personality.o)
 .text.__gxx_personality_v0
                0x08004e48      0x474 C:/PROGRA~2/ARMGNU~1/14EFD8~1.2RE/bin/../lib/gcc/arm-none-eabi/14.2.1/thumb/v7e-m/nofp\libstdc++.a(eh_personality.o)
                0x08004e48                __gxx_personality_v0
 .text._ZN10__cxxabiv111__terminateEPFvvE
                0x080052bc       0x10 C:/PROGRA~2/ARMGNU~1/14EFD8~1.2RE/bin/../lib/gcc/arm-none-eabi/14.2.1/thumb/v7e-m/nofp\libstdc++.a(eh_terminate.o)
                0x080052bc                __cxxabiv1::__terminate(void (*)())
 .text.unlikely._ZSt9terminatev
                0x080052cc       0x14 C:/PROGRA~2/ARMGNU~1/14EFD8~1.2RE/bin/../lib/gcc/arm-none-eabi/14.2.1/thumb/v7e-m/nofp\libstdc++.a(eh_terminate.o)
                0x080052cc                std::terminate()
 .text._ZN10__cxxabiv112__unexpectedEPFvvE
                0x080052e0        0x8 C:/PROGRA~2/ARMGNU~1/14EFD8~1.2RE/bin/../lib/gcc/arm-none-eabi/14.2.1/thumb/v7e-m/nofp\libstdc++.a(eh_terminate.o)
                0x080052e0                __cxxabiv1::__unexpected(void (*)())
 .text.unlikely._ZSt10unexpectedv
                0x080052e8       0x14 C:/PROGRA~2/ARMGNU~1/14EFD8~1.2RE/bin/../lib/gcc/arm-none-eabi/14.2.1/thumb/v7e-m/nofp\libstdc++.a(eh_terminate.o)
                0x080052e8                std::unexpected()
 .text._ZSt13get_terminatev
                0x080052fc       0x10 C:/PROGRA~2/ARMGNU~1/14EFD8~1.2RE/bin/../lib/gcc/arm-none-eabi/14.2.1/thumb/v7e-m/nofp\libstdc++.a(eh_terminate.o)
                0x080052fc                std::get_terminate()
 .text._ZSt14get_unexpectedv
                0x0800530c       0x10 C:/PROGRA~2/ARMGNU~1/14EFD8~1.2RE/bin/../lib/gcc/arm-none-eabi/14.2.1/thumb/v7e-m/nofp\libstdc++.a(eh_terminate.o)
                0x0800530c                std::get_unexpected()
 .text._Znwj    0x0800531c       0x3c C:/PROGRA~2/ARMGNU~1/14EFD8~1.2RE/bin/../lib/gcc/arm-none-eabi/14.2.1/thumb/v7e-m/nofp\libstdc++.a(new_op.o)
                0x0800531c                operator new(unsigned int)
 .text._ZN10__cxxabiv120__si_class_type_infoD2Ev
                0x08005358       0x14 C:/PROGRA~2/ARMGNU~1/14EFD8~1.2RE/bin/../lib/gcc/arm-none-eabi/14.2.1/thumb/v7e-m/nofp\libstdc++.a(si_class_type_info.o)
                0x08005358                __cxxabiv1::__si_class_type_info::~__si_class_type_info()
                0x08005358                __cxxabiv1::__si_class_type_info::~__si_class_type_info()
 .text._ZN10__cxxabiv120__si_class_type_infoD0Ev
                0x0800536c       0x1c C:/PROGRA~2/ARMGNU~1/14EFD8~1.2RE/bin/../lib/gcc/arm-none-eabi/14.2.1/thumb/v7e-m/nofp\libstdc++.a(si_class_type_info.o)
                0x0800536c                __cxxabiv1::__si_class_type_info::~__si_class_type_info()
 .text._ZNK10__cxxabiv120__si_class_type_info20__do_find_public_srcEiPKvPKNS_17__class_type_infoES2_
                0x08005388       0x3c C:/PROGRA~2/ARMGNU~1/14EFD8~1.2RE/bin/../lib/gcc/arm-none-eabi/14.2.1/thumb/v7e-m/nofp\libstdc++.a(si_class_type_info.o)
                0x08005388                __cxxabiv1::__si_class_type_info::__do_find_public_src(int, void const*, __cxxabiv1::__class_type_info const*, void const*) const
 .text._ZNK10__cxxabiv120__si_class_type_info12__do_dyncastEiNS_17__class_type_info10__sub_kindEPKS1_PKvS4_S6_RNS1_16__dyncast_resultE
                0x080053c4       0x84 C:/PROGRA~2/ARMGNU~1/14EFD8~1.2RE/bin/../lib/gcc/arm-none-eabi/14.2.1/thumb/v7e-m/nofp\libstdc++.a(si_class_type_info.o)
                0x080053c4                __cxxabiv1::__si_class_type_info::__do_dyncast(int, __cxxabiv1::__class_type_info::__sub_kind, __cxxabiv1::__class_type_info const*, void const*, __cxxabiv1::__class_type_info const*, void const*, __cxxabiv1::__class_type_info::__dyncast_result&) const
 .text._ZNK10__cxxabiv120__si_class_type_info11__do_upcastEPKNS_17__class_type_infoEPKvRNS1_15__upcast_resultE
                0x08005448       0x2c C:/PROGRA~2/ARMGNU~1/14EFD8~1.2RE/bin/../lib/gcc/arm-none-eabi/14.2.1/thumb/v7e-m/nofp\libstdc++.a(si_class_type_info.o)
                0x08005448                __cxxabiv1::__si_class_type_info::__do_upcast(__cxxabiv1::__class_type_info const*, void const*, __cxxabiv1::__class_type_info::__upcast_result&) const
 .text._ZNSt9type_infoD2Ev
                0x08005474        0x4 C:/PROGRA~2/ARMGNU~1/14EFD8~1.2RE/bin/../lib/gcc/arm-none-eabi/14.2.1/thumb/v7e-m/nofp\libstdc++.a(tinfo.o)
                0x08005474                std::type_info::~type_info()
                0x08005474                std::type_info::~type_info()
 .text._ZNKSt9type_info14__is_pointer_pEv
                0x08005478        0x4 C:/PROGRA~2/ARMGNU~1/14EFD8~1.2RE/bin/../lib/gcc/arm-none-eabi/14.2.1/thumb/v7e-m/nofp\libstdc++.a(tinfo.o)
                0x08005478                std::type_info::__is_pointer_p() const
                0x08005478                std::type_info::__is_function_p() const
 .text._ZNKSt9type_infoeqERKS_
                0x0800547c       0x2c C:/PROGRA~2/ARMGNU~1/14EFD8~1.2RE/bin/../lib/gcc/arm-none-eabi/14.2.1/thumb/v7e-m/nofp\libstdc++.a(tinfo.o)
                0x0800547c                std::type_info::operator==(std::type_info const&) const
                0x0800547c                std::type_info::__equal(std::type_info const&) const
 .text._ZN9__gnu_cxx27__verbose_terminate_handlerEv
                0x080054a8      0x108 C:/PROGRA~2/ARMGNU~1/14EFD8~1.2RE/bin/../lib/gcc/arm-none-eabi/14.2.1/thumb/v7e-m/nofp\libstdc++.a(vterminate.o)
                0x080054a8                __gnu_cxx::__verbose_terminate_handler()
 .text._ZNSt8__detail15_List_node_base7_M_hookEPS0_
                0x080055b0        0xc C:/PROGRA~2/ARMGNU~1/14EFD8~1.2RE/bin/../lib/gcc/arm-none-eabi/14.2.1/thumb/v7e-m/nofp\libstdc++.a(list.o)
                0x080055b0                std::__detail::_List_node_base::_M_hook(std::__detail::_List_node_base*)
 .text._ZNSt8__detail15_List_node_base9_M_unhookEv
                0x080055bc        0xc C:/PROGRA~2/ARMGNU~1/14EFD8~1.2RE/bin/../lib/gcc/arm-none-eabi/14.2.1/thumb/v7e-m/nofp\libstdc++.a(list.o)
                0x080055bc                std::__detail::_List_node_base::_M_unhook()
 .text._ZNKSt9bad_alloc4whatEv
                0x080055c8        0x8 C:/PROGRA~2/ARMGNU~1/14EFD8~1.2RE/bin/../lib/gcc/arm-none-eabi/14.2.1/thumb/v7e-m/nofp\libstdc++.a(bad_alloc.o)
                0x080055c8                std::bad_alloc::what() const
 .text._ZNSt9bad_allocD2Ev
                0x080055d0       0x14 C:/PROGRA~2/ARMGNU~1/14EFD8~1.2RE/bin/../lib/gcc/arm-none-eabi/14.2.1/thumb/v7e-m/nofp\libstdc++.a(bad_alloc.o)
                0x080055d0                std::bad_alloc::~bad_alloc()
                0x080055d0                std::bad_alloc::~bad_alloc()
 .text._ZNSt9bad_allocD0Ev
                0x080055e4       0x1c C:/PROGRA~2/ARMGNU~1/14EFD8~1.2RE/bin/../lib/gcc/arm-none-eabi/14.2.1/thumb/v7e-m/nofp\libstdc++.a(bad_alloc.o)
                0x080055e4                std::bad_alloc::~bad_alloc()
 .text.d_make_comp
                0x08005600       0xf8 C:/PROGRA~2/ARMGNU~1/14EFD8~1.2RE/bin/../lib/gcc/arm-none-eabi/14.2.1/thumb/v7e-m/nofp\libstdc++.a(cp-demangle.o)
 .text.d_number
                0x080056f8       0x70 C:/PROGRA~2/ARMGNU~1/14EFD8~1.2RE/bin/../lib/gcc/arm-none-eabi/14.2.1/thumb/v7e-m/nofp\libstdc++.a(cp-demangle.o)
 .text.d_call_offset
                0x08005768       0x50 C:/PROGRA~2/ARMGNU~1/14EFD8~1.2RE/bin/../lib/gcc/arm-none-eabi/14.2.1/thumb/v7e-m/nofp\libstdc++.a(cp-demangle.o)
 .text.d_discriminator
                0x080057b8       0x48 C:/PROGRA~2/ARMGNU~1/14EFD8~1.2RE/bin/../lib/gcc/arm-none-eabi/14.2.1/thumb/v7e-m/nofp\libstdc++.a(cp-demangle.o)
 .text.d_count_templates_scopes
                0x08005800       0xfc C:/PROGRA~2/ARMGNU~1/14EFD8~1.2RE/bin/../lib/gcc/arm-none-eabi/14.2.1/thumb/v7e-m/nofp\libstdc++.a(cp-demangle.o)
 .text.d_pack_length
                0x080058fc       0x20 C:/PROGRA~2/ARMGNU~1/14EFD8~1.2RE/bin/../lib/gcc/arm-none-eabi/14.2.1/thumb/v7e-m/nofp\libstdc++.a(cp-demangle.o)
 .text.d_index_template_argument.part.0
                0x0800591c       0x1c C:/PROGRA~2/ARMGNU~1/14EFD8~1.2RE/bin/../lib/gcc/arm-none-eabi/14.2.1/thumb/v7e-m/nofp\libstdc++.a(cp-demangle.o)
 .text.d_growable_string_callback_adapter
                0x08005938       0x78 C:/PROGRA~2/ARMGNU~1/14EFD8~1.2RE/bin/../lib/gcc/arm-none-eabi/14.2.1/thumb/v7e-m/nofp\libstdc++.a(cp-demangle.o)
 .text.next_is_type_qual.isra.0
                0x080059b0       0x40 C:/PROGRA~2/ARMGNU~1/14EFD8~1.2RE/bin/../lib/gcc/arm-none-eabi/14.2.1/thumb/v7e-m/nofp\libstdc++.a(cp-demangle.o)
 .text.d_append_char
                0x080059f0       0x44 C:/PROGRA~2/ARMGNU~1/14EFD8~1.2RE/bin/../lib/gcc/arm-none-eabi/14.2.1/thumb/v7e-m/nofp\libstdc++.a(cp-demangle.o)
 .text.d_lookup_template_argument
                0x08005a34       0x34 C:/PROGRA~2/ARMGNU~1/14EFD8~1.2RE/bin/../lib/gcc/arm-none-eabi/14.2.1/thumb/v7e-m/nofp\libstdc++.a(cp-demangle.o)
 .text.d_find_pack
                0x08005a68       0x94 C:/PROGRA~2/ARMGNU~1/14EFD8~1.2RE/bin/../lib/gcc/arm-none-eabi/14.2.1/thumb/v7e-m/nofp\libstdc++.a(cp-demangle.o)
 .text.d_append_string
                0x08005afc       0x70 C:/PROGRA~2/ARMGNU~1/14EFD8~1.2RE/bin/../lib/gcc/arm-none-eabi/14.2.1/thumb/v7e-m/nofp\libstdc++.a(cp-demangle.o)
 .text.d_template_param
                0x08005b6c       0x5c C:/PROGRA~2/ARMGNU~1/14EFD8~1.2RE/bin/../lib/gcc/arm-none-eabi/14.2.1/thumb/v7e-m/nofp\libstdc++.a(cp-demangle.o)
 .text.d_append_num
                0x08005bc8       0x84 C:/PROGRA~2/ARMGNU~1/14EFD8~1.2RE/bin/../lib/gcc/arm-none-eabi/14.2.1/thumb/v7e-m/nofp\libstdc++.a(cp-demangle.o)
 .text.d_source_name
                0x08005c4c       0xdc C:/PROGRA~2/ARMGNU~1/14EFD8~1.2RE/bin/../lib/gcc/arm-none-eabi/14.2.1/thumb/v7e-m/nofp\libstdc++.a(cp-demangle.o)
 .text.d_substitution
                0x08005d28      0x184 C:/PROGRA~2/ARMGNU~1/14EFD8~1.2RE/bin/../lib/gcc/arm-none-eabi/14.2.1/thumb/v7e-m/nofp\libstdc++.a(cp-demangle.o)
 .text.d_maybe_module_name
                0x08005eac       0x60 C:/PROGRA~2/ARMGNU~1/14EFD8~1.2RE/bin/../lib/gcc/arm-none-eabi/14.2.1/thumb/v7e-m/nofp\libstdc++.a(cp-demangle.o)
 .text.d_type   0x08005f0c      0x838 C:/PROGRA~2/ARMGNU~1/14EFD8~1.2RE/bin/../lib/gcc/arm-none-eabi/14.2.1/thumb/v7e-m/nofp\libstdc++.a(cp-demangle.o)
 .text.d_parmlist
                0x08006744       0x9c C:/PROGRA~2/ARMGNU~1/14EFD8~1.2RE/bin/../lib/gcc/arm-none-eabi/14.2.1/thumb/v7e-m/nofp\libstdc++.a(cp-demangle.o)
 .text.d_bare_function_type
                0x080067e0       0x48 C:/PROGRA~2/ARMGNU~1/14EFD8~1.2RE/bin/../lib/gcc/arm-none-eabi/14.2.1/thumb/v7e-m/nofp\libstdc++.a(cp-demangle.o)
 .text.d_function_type
                0x08006828       0x8c C:/PROGRA~2/ARMGNU~1/14EFD8~1.2RE/bin/../lib/gcc/arm-none-eabi/14.2.1/thumb/v7e-m/nofp\libstdc++.a(cp-demangle.o)
 .text.d_template_parm
                0x080068b4       0x94 C:/PROGRA~2/ARMGNU~1/14EFD8~1.2RE/bin/../lib/gcc/arm-none-eabi/14.2.1/thumb/v7e-m/nofp\libstdc++.a(cp-demangle.o)
 .text.d_template_head
                0x08006948       0x3c C:/PROGRA~2/ARMGNU~1/14EFD8~1.2RE/bin/../lib/gcc/arm-none-eabi/14.2.1/thumb/v7e-m/nofp\libstdc++.a(cp-demangle.o)
 .text.d_operator_name
                0x08006984      0x100 C:/PROGRA~2/ARMGNU~1/14EFD8~1.2RE/bin/../lib/gcc/arm-none-eabi/14.2.1/thumb/v7e-m/nofp\libstdc++.a(cp-demangle.o)
 .text.d_unqualified_name
                0x08006a84      0x3fc C:/PROGRA~2/ARMGNU~1/14EFD8~1.2RE/bin/../lib/gcc/arm-none-eabi/14.2.1/thumb/v7e-m/nofp\libstdc++.a(cp-demangle.o)
 .text.d_expression_1
                0x08006e80      0x4ec C:/PROGRA~2/ARMGNU~1/14EFD8~1.2RE/bin/../lib/gcc/arm-none-eabi/14.2.1/thumb/v7e-m/nofp\libstdc++.a(cp-demangle.o)
 .text.d_exprlist
                0x0800736c       0x74 C:/PROGRA~2/ARMGNU~1/14EFD8~1.2RE/bin/../lib/gcc/arm-none-eabi/14.2.1/thumb/v7e-m/nofp\libstdc++.a(cp-demangle.o)
 .text.d_cv_qualifiers
                0x080073e0      0x154 C:/PROGRA~2/ARMGNU~1/14EFD8~1.2RE/bin/../lib/gcc/arm-none-eabi/14.2.1/thumb/v7e-m/nofp\libstdc++.a(cp-demangle.o)
 .text.d_template_args_1
                0x08007534       0x94 C:/PROGRA~2/ARMGNU~1/14EFD8~1.2RE/bin/../lib/gcc/arm-none-eabi/14.2.1/thumb/v7e-m/nofp\libstdc++.a(cp-demangle.o)
 .text.d_prefix
                0x080075c8       0xc0 C:/PROGRA~2/ARMGNU~1/14EFD8~1.2RE/bin/../lib/gcc/arm-none-eabi/14.2.1/thumb/v7e-m/nofp\libstdc++.a(cp-demangle.o)
 .text.d_name   0x08007688      0x320 C:/PROGRA~2/ARMGNU~1/14EFD8~1.2RE/bin/../lib/gcc/arm-none-eabi/14.2.1/thumb/v7e-m/nofp\libstdc++.a(cp-demangle.o)
 .text.d_encoding.part.0
                0x080079a8      0x138 C:/PROGRA~2/ARMGNU~1/14EFD8~1.2RE/bin/../lib/gcc/arm-none-eabi/14.2.1/thumb/v7e-m/nofp\libstdc++.a(cp-demangle.o)
 .text.d_special_name
                0x08007ae0      0x49c C:/PROGRA~2/ARMGNU~1/14EFD8~1.2RE/bin/../lib/gcc/arm-none-eabi/14.2.1/thumb/v7e-m/nofp\libstdc++.a(cp-demangle.o)
 .text.d_expr_primary
                0x08007f7c      0x11c C:/PROGRA~2/ARMGNU~1/14EFD8~1.2RE/bin/../lib/gcc/arm-none-eabi/14.2.1/thumb/v7e-m/nofp\libstdc++.a(cp-demangle.o)
 .text.d_template_arg
                0x08008098       0x58 C:/PROGRA~2/ARMGNU~1/14EFD8~1.2RE/bin/../lib/gcc/arm-none-eabi/14.2.1/thumb/v7e-m/nofp\libstdc++.a(cp-demangle.o)
 .text.d_print_comp_inner
                0x080080f0     0x2b8c C:/PROGRA~2/ARMGNU~1/14EFD8~1.2RE/bin/../lib/gcc/arm-none-eabi/14.2.1/thumb/v7e-m/nofp\libstdc++.a(cp-demangle.o)
 .text.d_print_comp
                0x0800ac7c       0x5c C:/PROGRA~2/ARMGNU~1/14EFD8~1.2RE/bin/../lib/gcc/arm-none-eabi/14.2.1/thumb/v7e-m/nofp\libstdc++.a(cp-demangle.o)
 .text.d_print_mod
                0x0800acd8      0x738 C:/PROGRA~2/ARMGNU~1/14EFD8~1.2RE/bin/../lib/gcc/arm-none-eabi/14.2.1/thumb/v7e-m/nofp\libstdc++.a(cp-demangle.o)
 .text.d_print_function_type
                0x0800b410      0x260 C:/PROGRA~2/ARMGNU~1/14EFD8~1.2RE/bin/../lib/gcc/arm-none-eabi/14.2.1/thumb/v7e-m/nofp\libstdc++.a(cp-demangle.o)
 .text.d_print_mod_list
                0x0800b670      0x2b8 C:/PROGRA~2/ARMGNU~1/14EFD8~1.2RE/bin/../lib/gcc/arm-none-eabi/14.2.1/thumb/v7e-m/nofp\libstdc++.a(cp-demangle.o)
 .text.d_print_array_type
                0x0800b928      0x1d4 C:/PROGRA~2/ARMGNU~1/14EFD8~1.2RE/bin/../lib/gcc/arm-none-eabi/14.2.1/thumb/v7e-m/nofp\libstdc++.a(cp-demangle.o)
 .text.d_print_expr_op
                0x0800bafc       0x7c C:/PROGRA~2/ARMGNU~1/14EFD8~1.2RE/bin/../lib/gcc/arm-none-eabi/14.2.1/thumb/v7e-m/nofp\libstdc++.a(cp-demangle.o)
 .text.d_demangle_callback.constprop.0
                0x0800bb78      0x380 C:/PROGRA~2/ARMGNU~1/14EFD8~1.2RE/bin/../lib/gcc/arm-none-eabi/14.2.1/thumb/v7e-m/nofp\libstdc++.a(cp-demangle.o)
 .text.d_print_subexpr
                0x0800bef8      0x114 C:/PROGRA~2/ARMGNU~1/14EFD8~1.2RE/bin/../lib/gcc/arm-none-eabi/14.2.1/thumb/v7e-m/nofp\libstdc++.a(cp-demangle.o)
 .text.d_maybe_print_fold_expression
                0x0800c00c      0x288 C:/PROGRA~2/ARMGNU~1/14EFD8~1.2RE/bin/../lib/gcc/arm-none-eabi/14.2.1/thumb/v7e-m/nofp\libstdc++.a(cp-demangle.o)
 .text.d_maybe_print_designated_init
                0x0800c294      0x1fc C:/PROGRA~2/ARMGNU~1/14EFD8~1.2RE/bin/../lib/gcc/arm-none-eabi/14.2.1/thumb/v7e-m/nofp\libstdc++.a(cp-demangle.o)
 .text.__cxa_demangle
                0x0800c490       0xc0 C:/PROGRA~2/ARMGNU~1/14EFD8~1.2RE/bin/../lib/gcc/arm-none-eabi/14.2.1/thumb/v7e-m/nofp\libstdc++.a(cp-demangle.o)
                0x0800c490                __cxa_demangle
 .text._ZdlPv   0x0800c550        0x4 C:/PROGRA~2/ARMGNU~1/14EFD8~1.2RE/bin/../lib/gcc/arm-none-eabi/14.2.1/thumb/v7e-m/nofp\libstdc++.a(del_op.o)
                0x0800c550                operator delete(void*)
 .text._ZN12_GLOBAL__N_14pool4freeEPv.constprop.0
                0x0800c554       0x8c C:/PROGRA~2/ARMGNU~1/14EFD8~1.2RE/bin/../lib/gcc/arm-none-eabi/14.2.1/thumb/v7e-m/nofp\libstdc++.a(eh_alloc.o)
 .text._ZN12_GLOBAL__N_14pool8allocateEj.constprop.0
                0x0800c5e0       0x5c C:/PROGRA~2/ARMGNU~1/14EFD8~1.2RE/bin/../lib/gcc/arm-none-eabi/14.2.1/thumb/v7e-m/nofp\libstdc++.a(eh_alloc.o)
 .text.__cxa_allocate_exception
                0x0800c63c       0x30 C:/PROGRA~2/ARMGNU~1/14EFD8~1.2RE/bin/../lib/gcc/arm-none-eabi/14.2.1/thumb/v7e-m/nofp\libstdc++.a(eh_alloc.o)
                0x0800c63c                __cxa_allocate_exception
 .text.__cxa_free_exception
                0x0800c66c       0x20 C:/PROGRA~2/ARMGNU~1/14EFD8~1.2RE/bin/../lib/gcc/arm-none-eabi/14.2.1/thumb/v7e-m/nofp\libstdc++.a(eh_alloc.o)
                0x0800c66c                __cxa_free_exception
 .text.startup._GLOBAL__sub_I__ZN9__gnu_cxx9__freeresEv
                0x0800c68c       0xf0 C:/PROGRA~2/ARMGNU~1/14EFD8~1.2RE/bin/../lib/gcc/arm-none-eabi/14.2.1/thumb/v7e-m/nofp\libstdc++.a(eh_alloc.o)
 .text.unlikely._ZN10__cxxabiv1L24__is_gxx_exception_classEPc
                0x0800c77c       0x3a C:/PROGRA~2/ARMGNU~1/14EFD8~1.2RE/bin/../lib/gcc/arm-none-eabi/14.2.1/thumb/v7e-m/nofp\libstdc++.a(eh_call.o)
 .text.unlikely.__cxa_call_terminate
                0x0800c7b6       0x1e C:/PROGRA~2/ARMGNU~1/14EFD8~1.2RE/bin/../lib/gcc/arm-none-eabi/14.2.1/thumb/v7e-m/nofp\libstdc++.a(eh_call.o)
                0x0800c7b6                __cxa_call_terminate
 .text.unlikely.__cxa_call_unexpected
                0x0800c7d4       0xd8 C:/PROGRA~2/ARMGNU~1/14EFD8~1.2RE/bin/../lib/gcc/arm-none-eabi/14.2.1/thumb/v7e-m/nofp\libstdc++.a(eh_call.o)
                0x0800c7d4                __cxa_call_unexpected
 .text.__cxa_begin_catch
                0x0800c8ac       0x7c C:/PROGRA~2/ARMGNU~1/14EFD8~1.2RE/bin/../lib/gcc/arm-none-eabi/14.2.1/thumb/v7e-m/nofp\libstdc++.a(eh_catch.o)
                0x0800c8ac                __cxa_begin_catch
 .text.__cxa_end_catch
                0x0800c928       0x8c C:/PROGRA~2/ARMGNU~1/14EFD8~1.2RE/bin/../lib/gcc/arm-none-eabi/14.2.1/thumb/v7e-m/nofp\libstdc++.a(eh_catch.o)
                0x0800c928                __cxa_end_catch
 .text._ZL23__gxx_exception_cleanup19_Unwind_Reason_CodeP21_Unwind_Control_Block
                0x0800c9b4       0x44 C:/PROGRA~2/ARMGNU~1/14EFD8~1.2RE/bin/../lib/gcc/arm-none-eabi/14.2.1/thumb/v7e-m/nofp\libstdc++.a(eh_throw.o)
 .text.__cxa_init_primary_exception
                0x0800c9f8       0x44 C:/PROGRA~2/ARMGNU~1/14EFD8~1.2RE/bin/../lib/gcc/arm-none-eabi/14.2.1/thumb/v7e-m/nofp\libstdc++.a(eh_throw.o)
                0x0800c9f8                __cxa_init_primary_exception
 .text.__cxa_throw
                0x0800ca3c       0x34 C:/PROGRA~2/ARMGNU~1/14EFD8~1.2RE/bin/../lib/gcc/arm-none-eabi/14.2.1/thumb/v7e-m/nofp\libstdc++.a(eh_throw.o)
                0x0800ca3c                __cxa_throw
 .text.__cxa_rethrow
                0x0800ca70       0x70 C:/PROGRA~2/ARMGNU~1/14EFD8~1.2RE/bin/../lib/gcc/arm-none-eabi/14.2.1/thumb/v7e-m/nofp\libstdc++.a(eh_throw.o)
                0x0800ca70                __cxa_rethrow
 .text.__cxa_current_exception_type
                0x0800cae0       0x1c C:/PROGRA~2/ARMGNU~1/14EFD8~1.2RE/bin/../lib/gcc/arm-none-eabi/14.2.1/thumb/v7e-m/nofp\libstdc++.a(eh_type.o)
                0x0800cae0                __cxa_current_exception_type
 .text._ZSt15get_new_handlerv
                0x0800cafc       0x10 C:/PROGRA~2/ARMGNU~1/14EFD8~1.2RE/bin/../lib/gcc/arm-none-eabi/14.2.1/thumb/v7e-m/nofp\libstdc++.a(new_handler.o)
                0x0800cafc                std::get_new_handler()
 .text.selfrel_offset31
                0x0800cb0c       0x14 C:/PROGRA~2/ARMGNU~1/14EFD8~1.2RE/bin/../lib/gcc/arm-none-eabi/14.2.1/thumb/v7e-m/nofp\libgcc.a(unwind-arm.o)
 .text.search_EIT_table
                0x0800cb20       0x68 C:/PROGRA~2/ARMGNU~1/14EFD8~1.2RE/bin/../lib/gcc/arm-none-eabi/14.2.1/thumb/v7e-m/nofp\libgcc.a(unwind-arm.o)
 .text.__gnu_unwind_get_pr_addr
                0x0800cb88       0x28 C:/PROGRA~2/ARMGNU~1/14EFD8~1.2RE/bin/../lib/gcc/arm-none-eabi/14.2.1/thumb/v7e-m/nofp\libgcc.a(unwind-arm.o)
 .text.get_eit_entry
                0x0800cbb0       0x98 C:/PROGRA~2/ARMGNU~1/14EFD8~1.2RE/bin/../lib/gcc/arm-none-eabi/14.2.1/thumb/v7e-m/nofp\libgcc.a(unwind-arm.o)
 .text.restore_non_core_regs
                0x0800cc48       0x58 C:/PROGRA~2/ARMGNU~1/14EFD8~1.2RE/bin/../lib/gcc/arm-none-eabi/14.2.1/thumb/v7e-m/nofp\libgcc.a(unwind-arm.o)
 .text._Unwind_decode_typeinfo_ptr.constprop.0
                0x0800cca0        0xc C:/PROGRA~2/ARMGNU~1/14EFD8~1.2RE/bin/../lib/gcc/arm-none-eabi/14.2.1/thumb/v7e-m/nofp\libgcc.a(unwind-arm.o)
 .text._Unwind_DebugHook
                0x0800ccac        0x4 C:/PROGRA~2/ARMGNU~1/14EFD8~1.2RE/bin/../lib/gcc/arm-none-eabi/14.2.1/thumb/v7e-m/nofp\libgcc.a(unwind-arm.o)
 .text.unwind_phase2
                0x0800ccb0       0x3c C:/PROGRA~2/ARMGNU~1/14EFD8~1.2RE/bin/../lib/gcc/arm-none-eabi/14.2.1/thumb/v7e-m/nofp\libgcc.a(unwind-arm.o)
 .text.unwind_phase2_forced
                0x0800ccec       0xdc C:/PROGRA~2/ARMGNU~1/14EFD8~1.2RE/bin/../lib/gcc/arm-none-eabi/14.2.1/thumb/v7e-m/nofp\libgcc.a(unwind-arm.o)
 .text.__gnu_Unwind_RaiseException
                0x0800cdc8       0x6c C:/PROGRA~2/ARMGNU~1/14EFD8~1.2RE/bin/../lib/gcc/arm-none-eabi/14.2.1/thumb/v7e-m/nofp\libgcc.a(unwind-arm.o)
                0x0800cdc8                __gnu_Unwind_RaiseException
 .text.__gnu_Unwind_ForcedUnwind
                0x0800ce34       0x10 C:/PROGRA~2/ARMGNU~1/14EFD8~1.2RE/bin/../lib/gcc/arm-none-eabi/14.2.1/thumb/v7e-m/nofp\libgcc.a(unwind-arm.o)
                0x0800ce34                __gnu_Unwind_ForcedUnwind
 .text.__gnu_Unwind_Resume
                0x0800ce44       0x44 C:/PROGRA~2/ARMGNU~1/14EFD8~1.2RE/bin/../lib/gcc/arm-none-eabi/14.2.1/thumb/v7e-m/nofp\libgcc.a(unwind-arm.o)
                0x0800ce44                __gnu_Unwind_Resume
 .text.__gnu_Unwind_Resume_or_Rethrow
                0x0800ce88       0x1c C:/PROGRA~2/ARMGNU~1/14EFD8~1.2RE/bin/../lib/gcc/arm-none-eabi/14.2.1/thumb/v7e-m/nofp\libgcc.a(unwind-arm.o)
                0x0800ce88                __gnu_Unwind_Resume_or_Rethrow
 .text._Unwind_Complete
                0x0800cea4        0x4 C:/PROGRA~2/ARMGNU~1/14EFD8~1.2RE/bin/../lib/gcc/arm-none-eabi/14.2.1/thumb/v7e-m/nofp\libgcc.a(unwind-arm.o)
                0x0800cea4                _Unwind_Complete
 .text._Unwind_DeleteException
                0x0800cea8        0xc C:/PROGRA~2/ARMGNU~1/14EFD8~1.2RE/bin/../lib/gcc/arm-none-eabi/14.2.1/thumb/v7e-m/nofp\libgcc.a(unwind-arm.o)
                0x0800cea8                _Unwind_DeleteException
 .text._Unwind_VRS_Get
                0x0800ceb4       0x34 C:/PROGRA~2/ARMGNU~1/14EFD8~1.2RE/bin/../lib/gcc/arm-none-eabi/14.2.1/thumb/v7e-m/nofp\libgcc.a(unwind-arm.o)
                0x0800ceb4                _Unwind_VRS_Get
 .text._Unwind_GetGR
                0x0800cee8       0x1c C:/PROGRA~2/ARMGNU~1/14EFD8~1.2RE/bin/../lib/gcc/arm-none-eabi/14.2.1/thumb/v7e-m/nofp\libgcc.a(unwind-arm.o)
 .text._Unwind_VRS_Set
                0x0800cf04       0x34 C:/PROGRA~2/ARMGNU~1/14EFD8~1.2RE/bin/../lib/gcc/arm-none-eabi/14.2.1/thumb/v7e-m/nofp\libgcc.a(unwind-arm.o)
                0x0800cf04                _Unwind_VRS_Set
 .text._Unwind_SetGR
                0x0800cf38       0x18 C:/PROGRA~2/ARMGNU~1/14EFD8~1.2RE/bin/../lib/gcc/arm-none-eabi/14.2.1/thumb/v7e-m/nofp\libgcc.a(unwind-arm.o)
 .text.__gnu_Unwind_Backtrace
                0x0800cf50       0x90 C:/PROGRA~2/ARMGNU~1/14EFD8~1.2RE/bin/../lib/gcc/arm-none-eabi/14.2.1/thumb/v7e-m/nofp\libgcc.a(unwind-arm.o)
                0x0800cf50                __gnu_Unwind_Backtrace
 .text.__gnu_unwind_pr_common
                0x0800cfe0      0x2a8 C:/PROGRA~2/ARMGNU~1/14EFD8~1.2RE/bin/../lib/gcc/arm-none-eabi/14.2.1/thumb/v7e-m/nofp\libgcc.a(unwind-arm.o)
 .text.__aeabi_unwind_cpp_pr0
                0x0800d288        0x8 C:/PROGRA~2/ARMGNU~1/14EFD8~1.2RE/bin/../lib/gcc/arm-none-eabi/14.2.1/thumb/v7e-m/nofp\libgcc.a(unwind-arm.o)
                0x0800d288                __aeabi_unwind_cpp_pr0
 .text.__aeabi_unwind_cpp_pr1
                0x0800d290        0x8 C:/PROGRA~2/ARMGNU~1/14EFD8~1.2RE/bin/../lib/gcc/arm-none-eabi/14.2.1/thumb/v7e-m/nofp\libgcc.a(unwind-arm.o)
                0x0800d290                __aeabi_unwind_cpp_pr1
 .text.__aeabi_unwind_cpp_pr2
                0x0800d298        0x8 C:/PROGRA~2/ARMGNU~1/14EFD8~1.2RE/bin/../lib/gcc/arm-none-eabi/14.2.1/thumb/v7e-m/nofp\libgcc.a(unwind-arm.o)
                0x0800d298                __aeabi_unwind_cpp_pr2
 .text._Unwind_VRS_Pop
                0x0800d2a0      0x2ec C:/PROGRA~2/ARMGNU~1/14EFD8~1.2RE/bin/../lib/gcc/arm-none-eabi/14.2.1/thumb/v7e-m/nofp\libgcc.a(unwind-arm.o)
                0x0800d2a0                _Unwind_VRS_Pop
 .text.next_unwind_byte
                0x0800d58c       0x38 C:/PROGRA~2/ARMGNU~1/14EFD8~1.2RE/bin/../lib/gcc/arm-none-eabi/14.2.1/thumb/v7e-m/nofp\libgcc.a(pr-support.o)
 .text._Unwind_GetGR.constprop.0
                0x0800d5c4       0x1c C:/PROGRA~2/ARMGNU~1/14EFD8~1.2RE/bin/../lib/gcc/arm-none-eabi/14.2.1/thumb/v7e-m/nofp\libgcc.a(pr-support.o)
 .text.unwind_UCB_from_context
                0x0800d5e0        0x4 C:/PROGRA~2/ARMGNU~1/14EFD8~1.2RE/bin/../lib/gcc/arm-none-eabi/14.2.1/thumb/v7e-m/nofp\libgcc.a(pr-support.o)
 .text.__gnu_unwind_execute
                0x0800d5e4      0x300 C:/PROGRA~2/ARMGNU~1/14EFD8~1.2RE/bin/../lib/gcc/arm-none-eabi/14.2.1/thumb/v7e-m/nofp\libgcc.a(pr-support.o)
                0x0800d5e4                __gnu_unwind_execute
 .text.__gnu_unwind_frame
                0x0800d8e4       0x2c C:/PROGRA~2/ARMGNU~1/14EFD8~1.2RE/bin/../lib/gcc/arm-none-eabi/14.2.1/thumb/v7e-m/nofp\libgcc.a(pr-support.o)
                0x0800d8e4                __gnu_unwind_frame
 .text._Unwind_GetRegionStart
                0x0800d910        0xc C:/PROGRA~2/ARMGNU~1/14EFD8~1.2RE/bin/../lib/gcc/arm-none-eabi/14.2.1/thumb/v7e-m/nofp\libgcc.a(pr-support.o)
                0x0800d910                _Unwind_GetRegionStart
 .text._Unwind_GetLanguageSpecificData
                0x0800d91c       0x14 C:/PROGRA~2/ARMGNU~1/14EFD8~1.2RE/bin/../lib/gcc/arm-none-eabi/14.2.1/thumb/v7e-m/nofp\libgcc.a(pr-support.o)
                0x0800d91c                _Unwind_GetLanguageSpecificData
 .text.unlikely._Unwind_GetDataRelBase
                0x0800d930        0x6 C:/PROGRA~2/ARMGNU~1/14EFD8~1.2RE/bin/../lib/gcc/arm-none-eabi/14.2.1/thumb/v7e-m/nofp\libgcc.a(pr-support.o)
                0x0800d930                _Unwind_GetDataRelBase
 .text.unlikely._Unwind_GetTextRelBase
                0x0800d936        0x6 C:/PROGRA~2/ARMGNU~1/14EFD8~1.2RE/bin/../lib/gcc/arm-none-eabi/14.2.1/thumb/v7e-m/nofp\libgcc.a(pr-support.o)
                0x0800d936                _Unwind_GetTextRelBase
 .text.abort    0x0800d93c       0x10 C:/PROGRA~2/ARMGNU~1/14EFD8~1.2RE/bin/../lib/gcc/arm-none-eabi/14.2.1/thumb/v7e-m/nofp\libg.a(libc_a-abort.o)
                0x0800d93c                abort
 .text.getenv   0x0800d94c       0x1c C:/PROGRA~2/ARMGNU~1/14EFD8~1.2RE/bin/../lib/gcc/arm-none-eabi/14.2.1/thumb/v7e-m/nofp\libg.a(libc_a-getenv.o)
                0x0800d94c                getenv
 .text._findenv_r
                0x0800d968       0x80 C:/PROGRA~2/ARMGNU~1/14EFD8~1.2RE/bin/../lib/gcc/arm-none-eabi/14.2.1/thumb/v7e-m/nofp\libg.a(libc_a-getenv_r.o)
                0x0800d968                _findenv_r
 .text.malloc   0x0800d9e8       0x10 C:/PROGRA~2/ARMGNU~1/14EFD8~1.2RE/bin/../lib/gcc/arm-none-eabi/14.2.1/thumb/v7e-m/nofp\libg.a(libc_a-malloc.o)
                0x0800d9e8                malloc
 .text.free     0x0800d9f8       0x10 C:/PROGRA~2/ARMGNU~1/14EFD8~1.2RE/bin/../lib/gcc/arm-none-eabi/14.2.1/thumb/v7e-m/nofp\libg.a(libc_a-malloc.o)
                0x0800d9f8                free
 .text._malloc_r
                0x0800da08      0x598 C:/PROGRA~2/ARMGNU~1/14EFD8~1.2RE/bin/../lib/gcc/arm-none-eabi/14.2.1/thumb/v7e-m/nofp\libg.a(libc_a-mallocr.o)
                0x0800da08                _malloc_r
 .text.__malloc_lock
                0x0800dfa0        0xc C:/PROGRA~2/ARMGNU~1/14EFD8~1.2RE/bin/../lib/gcc/arm-none-eabi/14.2.1/thumb/v7e-m/nofp\libg.a(libc_a-mlock.o)
                0x0800dfa0                __malloc_lock
 .text.__malloc_unlock
                0x0800dfac        0xc C:/PROGRA~2/ARMGNU~1/14EFD8~1.2RE/bin/../lib/gcc/arm-none-eabi/14.2.1/thumb/v7e-m/nofp\libg.a(libc_a-mlock.o)
                0x0800dfac                __malloc_unlock
 .text.rand     0x0800dfb8       0x38 C:/PROGRA~2/ARMGNU~1/14EFD8~1.2RE/bin/../lib/gcc/arm-none-eabi/14.2.1/thumb/v7e-m/nofp\libg.a(libc_a-rand.o)
                0x0800dfb8                rand
 .text.realloc  0x0800dff0       0x18 C:/PROGRA~2/ARMGNU~1/14EFD8~1.2RE/bin/../lib/gcc/arm-none-eabi/14.2.1/thumb/v7e-m/nofp\libg.a(libc_a-realloc.o)
                0x0800dff0                realloc
 .text._realloc_r
                0x0800e008      0x348 C:/PROGRA~2/ARMGNU~1/14EFD8~1.2RE/bin/../lib/gcc/arm-none-eabi/14.2.1/thumb/v7e-m/nofp\libg.a(libc_a-reallocr.o)
                0x0800e008                _realloc_r
 .text._strtoul_l.isra.0
                0x0800e350      0x134 C:/PROGRA~2/ARMGNU~1/14EFD8~1.2RE/bin/../lib/gcc/arm-none-eabi/14.2.1/thumb/v7e-m/nofp\libg.a(libc_a-strtoul.o)
 .text.strtoul  0x0800e484       0x18 C:/PROGRA~2/ARMGNU~1/14EFD8~1.2RE/bin/../lib/gcc/arm-none-eabi/14.2.1/thumb/v7e-m/nofp\libg.a(libc_a-strtoul.o)
                0x0800e484                strtoul
 .text.stdio_exit_handler
                0x0800e49c       0x18 C:/PROGRA~2/ARMGNU~1/14EFD8~1.2RE/bin/../lib/gcc/arm-none-eabi/14.2.1/thumb/v7e-m/nofp\libg.a(libc_a-findfp.o)
 .text.cleanup_stdio
                0x0800e4b4       0x40 C:/PROGRA~2/ARMGNU~1/14EFD8~1.2RE/bin/../lib/gcc/arm-none-eabi/14.2.1/thumb/v7e-m/nofp\libg.a(libc_a-findfp.o)
 .text.global_stdio_init.part.0
                0x0800e4f4       0xf0 C:/PROGRA~2/ARMGNU~1/14EFD8~1.2RE/bin/../lib/gcc/arm-none-eabi/14.2.1/thumb/v7e-m/nofp\libg.a(libc_a-findfp.o)
 .text.__sinit  0x0800e5e4       0x3c C:/PROGRA~2/ARMGNU~1/14EFD8~1.2RE/bin/../lib/gcc/arm-none-eabi/14.2.1/thumb/v7e-m/nofp\libg.a(libc_a-findfp.o)
                0x0800e5e4                __sinit
 .text.__sfp_lock_acquire
                0x0800e620        0xc C:/PROGRA~2/ARMGNU~1/14EFD8~1.2RE/bin/../lib/gcc/arm-none-eabi/14.2.1/thumb/v7e-m/nofp\libg.a(libc_a-findfp.o)
                0x0800e620                __sfp_lock_acquire
 .text.__sfp_lock_release
                0x0800e62c        0xc C:/PROGRA~2/ARMGNU~1/14EFD8~1.2RE/bin/../lib/gcc/arm-none-eabi/14.2.1/thumb/v7e-m/nofp\libg.a(libc_a-findfp.o)
                0x0800e62c                __sfp_lock_release
 .text.fputc    0x0800e638       0x58 C:/PROGRA~2/ARMGNU~1/14EFD8~1.2RE/bin/../lib/gcc/arm-none-eabi/14.2.1/thumb/v7e-m/nofp\libg.a(libc_a-fputc.o)
                0x0800e638                fputc
 .text._fputs_r
                0x0800e690       0xa8 C:/PROGRA~2/ARMGNU~1/14EFD8~1.2RE/bin/../lib/gcc/arm-none-eabi/14.2.1/thumb/v7e-m/nofp\libg.a(libc_a-fputs.o)
                0x0800e690                _fputs_r
 .text.fputs    0x0800e738       0x18 C:/PROGRA~2/ARMGNU~1/14EFD8~1.2RE/bin/../lib/gcc/arm-none-eabi/14.2.1/thumb/v7e-m/nofp\libg.a(libc_a-fputs.o)
                0x0800e738                fputs
 .text.__sfvwrite_r
                0x0800e750      0x2d8 C:/PROGRA~2/ARMGNU~1/14EFD8~1.2RE/bin/../lib/gcc/arm-none-eabi/14.2.1/thumb/v7e-m/nofp\libg.a(libc_a-fvwrite.o)
                0x0800e750                __sfvwrite_r
 .text._fwalk_sglue
                0x0800ea28       0x44 C:/PROGRA~2/ARMGNU~1/14EFD8~1.2RE/bin/../lib/gcc/arm-none-eabi/14.2.1/thumb/v7e-m/nofp\libg.a(libc_a-fwalk.o)
                0x0800ea28                _fwalk_sglue
 .text._fwrite_r
                0x0800ea6c       0xd8 C:/PROGRA~2/ARMGNU~1/14EFD8~1.2RE/bin/../lib/gcc/arm-none-eabi/14.2.1/thumb/v7e-m/nofp\libg.a(libc_a-fwrite.o)
                0x0800ea6c                _fwrite_r
 .text.fwrite   0x0800eb44       0x20 C:/PROGRA~2/ARMGNU~1/14EFD8~1.2RE/bin/../lib/gcc/arm-none-eabi/14.2.1/thumb/v7e-m/nofp\libg.a(libc_a-fwrite.o)
                0x0800eb44                fwrite
 .text._putc_r  0x0800eb64       0x78 C:/PROGRA~2/ARMGNU~1/14EFD8~1.2RE/bin/../lib/gcc/arm-none-eabi/14.2.1/thumb/v7e-m/nofp\libg.a(libc_a-putc.o)
                0x0800eb64                _putc_r
 .text.sprintf  0x0800ebdc       0x44 C:/PROGRA~2/ARMGNU~1/14EFD8~1.2RE/bin/../lib/gcc/arm-none-eabi/14.2.1/thumb/v7e-m/nofp\libg.a(libc_a-sprintf.o)
                0x0800ebdc                sprintf
 .text.__sread  0x0800ec20       0x24 C:/PROGRA~2/ARMGNU~1/14EFD8~1.2RE/bin/../lib/gcc/arm-none-eabi/14.2.1/thumb/v7e-m/nofp\libg.a(libc_a-stdio.o)
                0x0800ec20                __sread
 .text.__swrite
                0x0800ec44       0x40 C:/PROGRA~2/ARMGNU~1/14EFD8~1.2RE/bin/../lib/gcc/arm-none-eabi/14.2.1/thumb/v7e-m/nofp\libg.a(libc_a-stdio.o)
                0x0800ec44                __swrite
 .text.__sseek  0x0800ec84       0x24 C:/PROGRA~2/ARMGNU~1/14EFD8~1.2RE/bin/../lib/gcc/arm-none-eabi/14.2.1/thumb/v7e-m/nofp\libg.a(libc_a-stdio.o)
                0x0800ec84                __sseek
 .text.__sclose
                0x0800eca8        0x8 C:/PROGRA~2/ARMGNU~1/14EFD8~1.2RE/bin/../lib/gcc/arm-none-eabi/14.2.1/thumb/v7e-m/nofp\libg.a(libc_a-stdio.o)
                0x0800eca8                __sclose
 .text.__swbuf_r
                0x0800ecb0       0xac C:/PROGRA~2/ARMGNU~1/14EFD8~1.2RE/bin/../lib/gcc/arm-none-eabi/14.2.1/thumb/v7e-m/nofp\libg.a(libc_a-wbuf.o)
                0x0800ecb0                __swbuf_r
 .text.__swsetup_r
                0x0800ed5c       0xfc C:/PROGRA~2/ARMGNU~1/14EFD8~1.2RE/bin/../lib/gcc/arm-none-eabi/14.2.1/thumb/v7e-m/nofp\libg.a(libc_a-wsetup.o)
                0x0800ed5c                __swsetup_r
 .text.memcmp   0x0800ee58       0x5c C:/PROGRA~2/ARMGNU~1/14EFD8~1.2RE/bin/../lib/gcc/arm-none-eabi/14.2.1/thumb/v7e-m/nofp\libg.a(libc_a-memcmp.o)
                0x0800ee58                memcmp
 .text.memmove  0x0800eeb4       0xf8 C:/PROGRA~2/ARMGNU~1/14EFD8~1.2RE/bin/../lib/gcc/arm-none-eabi/14.2.1/thumb/v7e-m/nofp\libg.a(libc_a-memmove.o)
                0x0800eeb4                memmove
 .text.memset   0x0800efac       0x9c C:/PROGRA~2/ARMGNU~1/14EFD8~1.2RE/bin/../lib/gcc/arm-none-eabi/14.2.1/thumb/v7e-m/nofp\libg.a(libc_a-memset.o)
                0x0800efac                memset
 .text.strchr   0x0800f048       0xd0 C:/PROGRA~2/ARMGNU~1/14EFD8~1.2RE/bin/../lib/gcc/arm-none-eabi/14.2.1/thumb/v7e-m/nofp\libg.a(libc_a-strchr.o)
                0x0800f048                strchr
 .text.strncmp  0x0800f118       0x78 C:/PROGRA~2/ARMGNU~1/14EFD8~1.2RE/bin/../lib/gcc/arm-none-eabi/14.2.1/thumb/v7e-m/nofp\libg.a(libc_a-strncmp.o)
                0x0800f118                strncmp
 .text.raise    0x0800f190       0x58 C:/PROGRA~2/ARMGNU~1/14EFD8~1.2RE/bin/../lib/gcc/arm-none-eabi/14.2.1/thumb/v7e-m/nofp\libg.a(libc_a-signal.o)
                0x0800f190                raise
 .text._close_r
                0x0800f1e8       0x24 C:/PROGRA~2/ARMGNU~1/14EFD8~1.2RE/bin/../lib/gcc/arm-none-eabi/14.2.1/thumb/v7e-m/nofp\libg.a(libc_a-closer.o)
                0x0800f1e8                _close_r
 .text._lseek_r
                0x0800f20c       0x2c C:/PROGRA~2/ARMGNU~1/14EFD8~1.2RE/bin/../lib/gcc/arm-none-eabi/14.2.1/thumb/v7e-m/nofp\libg.a(libc_a-lseekr.o)
                0x0800f20c                _lseek_r
 .text._read_r  0x0800f238       0x2c C:/PROGRA~2/ARMGNU~1/14EFD8~1.2RE/bin/../lib/gcc/arm-none-eabi/14.2.1/thumb/v7e-m/nofp\libg.a(libc_a-readr.o)
                0x0800f238                _read_r
 .text._kill_r  0x0800f264       0x2c C:/PROGRA~2/ARMGNU~1/14EFD8~1.2RE/bin/../lib/gcc/arm-none-eabi/14.2.1/thumb/v7e-m/nofp\libg.a(libc_a-signalr.o)
                0x0800f264                _kill_r
 .text._getpid_r
                0x0800f290        0x4 C:/PROGRA~2/ARMGNU~1/14EFD8~1.2RE/bin/../lib/gcc/arm-none-eabi/14.2.1/thumb/v7e-m/nofp\libg.a(libc_a-signalr.o)
                0x0800f290                _getpid_r
 .text._sbrk_r  0x0800f294       0x24 C:/PROGRA~2/ARMGNU~1/14EFD8~1.2RE/bin/../lib/gcc/arm-none-eabi/14.2.1/thumb/v7e-m/nofp\libg.a(libc_a-sbrkr.o)
                0x0800f294                _sbrk_r
 .text._write_r
                0x0800f2b8       0x2c C:/PROGRA~2/ARMGNU~1/14EFD8~1.2RE/bin/../lib/gcc/arm-none-eabi/14.2.1/thumb/v7e-m/nofp\libg.a(libc_a-writer.o)
                0x0800f2b8                _write_r
 .text.__errno  0x0800f2e4        0xc C:/PROGRA~2/ARMGNU~1/14EFD8~1.2RE/bin/../lib/gcc/arm-none-eabi/14.2.1/thumb/v7e-m/nofp\libg.a(libc_a-errno.o)
                0x0800f2e4                __errno
 .text.__libc_init_array
                0x0800f2f0       0x50 C:/PROGRA~2/ARMGNU~1/14EFD8~1.2RE/bin/../lib/gcc/arm-none-eabi/14.2.1/thumb/v7e-m/nofp\libg.a(libc_a-init.o)
                0x0800f2f0                __libc_init_array
 .text.__retarget_lock_init_recursive
                0x0800f340        0x4 C:/PROGRA~2/ARMGNU~1/14EFD8~1.2RE/bin/../lib/gcc/arm-none-eabi/14.2.1/thumb/v7e-m/nofp\libg.a(libc_a-lock.o)
                0x0800f340                __retarget_lock_init_recursive
 .text.__retarget_lock_close_recursive
                0x0800f344        0x4 C:/PROGRA~2/ARMGNU~1/14EFD8~1.2RE/bin/../lib/gcc/arm-none-eabi/14.2.1/thumb/v7e-m/nofp\libg.a(libc_a-lock.o)
                0x0800f344                __retarget_lock_close_recursive
 .text.__retarget_lock_acquire_recursive
                0x0800f348        0x4 C:/PROGRA~2/ARMGNU~1/14EFD8~1.2RE/bin/../lib/gcc/arm-none-eabi/14.2.1/thumb/v7e-m/nofp\libg.a(libc_a-lock.o)
                0x0800f348                __retarget_lock_acquire_recursive
 .text.__retarget_lock_release_recursive
                0x0800f34c        0x4 C:/PROGRA~2/ARMGNU~1/14EFD8~1.2RE/bin/../lib/gcc/arm-none-eabi/14.2.1/thumb/v7e-m/nofp\libg.a(libc_a-lock.o)
                0x0800f34c                __retarget_lock_release_recursive
 .text.sysconf  0x0800f350       0x1c C:/PROGRA~2/ARMGNU~1/14EFD8~1.2RE/bin/../lib/gcc/arm-none-eabi/14.2.1/thumb/v7e-m/nofp\libg.a(libc_a-sysconf.o)
                0x0800f350                sysconf
 .text.startup.register_fini
                0x0800f36c       0x14 C:/PROGRA~2/ARMGNU~1/14EFD8~1.2RE/bin/../lib/gcc/arm-none-eabi/14.2.1/thumb/v7e-m/nofp\libg.a(libc_a-__call_atexit.o)
 .text.atexit   0x0800f380        0xc C:/PROGRA~2/ARMGNU~1/14EFD8~1.2RE/bin/../lib/gcc/arm-none-eabi/14.2.1/thumb/v7e-m/nofp\libg.a(libc_a-atexit.o)
                0x0800f380                atexit
 .text.__env_lock
                0x0800f38c        0xc C:/PROGRA~2/ARMGNU~1/14EFD8~1.2RE/bin/../lib/gcc/arm-none-eabi/14.2.1/thumb/v7e-m/nofp\libg.a(libc_a-envlock.o)
                0x0800f38c                __env_lock
 .text.__env_unlock
                0x0800f398        0xc C:/PROGRA~2/ARMGNU~1/14EFD8~1.2RE/bin/../lib/gcc/arm-none-eabi/14.2.1/thumb/v7e-m/nofp\libg.a(libc_a-envlock.o)
                0x0800f398                __env_unlock
 .text._malloc_trim_r
                0x0800f3a4       0xb8 C:/PROGRA~2/ARMGNU~1/14EFD8~1.2RE/bin/../lib/gcc/arm-none-eabi/14.2.1/thumb/v7e-m/nofp\libg.a(libc_a-freer.o)
                0x0800f3a4                _malloc_trim_r
 .text._free_r  0x0800f45c      0x1f0 C:/PROGRA~2/ARMGNU~1/14EFD8~1.2RE/bin/../lib/gcc/arm-none-eabi/14.2.1/thumb/v7e-m/nofp\libg.a(libc_a-freer.o)
                0x0800f45c                _free_r
 .text._svfprintf_r
                0x0800f64c     0x2210 C:/PROGRA~2/ARMGNU~1/14EFD8~1.2RE/bin/../lib/gcc/arm-none-eabi/14.2.1/thumb/v7e-m/nofp\libg.a(libc_a-svfprintf.o)
                0x0800f64c                _svfprintf_r
 .text.__ssprint_r
                0x0801185c       0x58 C:/PROGRA~2/ARMGNU~1/14EFD8~1.2RE/bin/../lib/gcc/arm-none-eabi/14.2.1/thumb/v7e-m/nofp\libg.a(libc_a-ssprint_r.o)
                0x0801185c                __ssprint_r
 .text._fclose_r
                0x080118b4       0xc0 C:/PROGRA~2/ARMGNU~1/14EFD8~1.2RE/bin/../lib/gcc/arm-none-eabi/14.2.1/thumb/v7e-m/nofp\libg.a(libc_a-fclose.o)
                0x080118b4                _fclose_r
 .text.__sflush_r
                0x08011974      0x124 C:/PROGRA~2/ARMGNU~1/14EFD8~1.2RE/bin/../lib/gcc/arm-none-eabi/14.2.1/thumb/v7e-m/nofp\libg.a(libc_a-fflush.o)
                0x08011974                __sflush_r
 .text._fflush_r
                0x08011a98       0x54 C:/PROGRA~2/ARMGNU~1/14EFD8~1.2RE/bin/../lib/gcc/arm-none-eabi/14.2.1/thumb/v7e-m/nofp\libg.a(libc_a-fflush.o)
                0x08011a98                _fflush_r
 .text.__smakebuf_r
                0x08011aec       0xd0 C:/PROGRA~2/ARMGNU~1/14EFD8~1.2RE/bin/../lib/gcc/arm-none-eabi/14.2.1/thumb/v7e-m/nofp\libg.a(libc_a-makebuf.o)
                0x08011aec                __smakebuf_r
 .text.strncpy  0x08011bbc       0x68 C:/PROGRA~2/ARMGNU~1/14EFD8~1.2RE/bin/../lib/gcc/arm-none-eabi/14.2.1/thumb/v7e-m/nofp\libg.a(libc_a-strncpy.o)
                0x08011bbc                strncpy
 .text.__locale_mb_cur_max
                0x08011c24        0xc C:/PROGRA~2/ARMGNU~1/14EFD8~1.2RE/bin/../lib/gcc/arm-none-eabi/14.2.1/thumb/v7e-m/nofp\libg.a(libc_a-locale.o)
                0x08011c24                __locale_mb_cur_max
 .text._localeconv_r
                0x08011c30        0x8 C:/PROGRA~2/ARMGNU~1/14EFD8~1.2RE/bin/../lib/gcc/arm-none-eabi/14.2.1/thumb/v7e-m/nofp\libg.a(libc_a-localeconv.o)
                0x08011c30                _localeconv_r
 .text._fstat_r
                0x08011c38       0x2c C:/PROGRA~2/ARMGNU~1/14EFD8~1.2RE/bin/../lib/gcc/arm-none-eabi/14.2.1/thumb/v7e-m/nofp\libg.a(libc_a-fstatr.o)
                0x08011c38                _fstat_r
 .text._isatty_r
                0x08011c64       0x24 C:/PROGRA~2/ARMGNU~1/14EFD8~1.2RE/bin/../lib/gcc/arm-none-eabi/14.2.1/thumb/v7e-m/nofp\libg.a(libc_a-isattyr.o)
                0x08011c64                _isatty_r
 .text.__libc_fini_array
                0x08011c88       0x28 C:/PROGRA~2/ARMGNU~1/14EFD8~1.2RE/bin/../lib/gcc/arm-none-eabi/14.2.1/thumb/v7e-m/nofp\libg.a(libc_a-fini.o)
                0x08011c88                __libc_fini_array
 .text.frexp    0x08011cb0       0x6c C:/PROGRA~2/ARMGNU~1/14EFD8~1.2RE/bin/../lib/gcc/arm-none-eabi/14.2.1/thumb/v7e-m/nofp\libg.a(libm_a-s_frexp.o)
                0x08011cb0                frexp
 .text.__register_exitproc
                0x08011d1c       0x80 C:/PROGRA~2/ARMGNU~1/14EFD8~1.2RE/bin/../lib/gcc/arm-none-eabi/14.2.1/thumb/v7e-m/nofp\libg.a(libc_a-__atexit.o)
                0x08011d1c                __register_exitproc
 .text.quorem   0x08011d9c      0x12c C:/PROGRA~2/ARMGNU~1/14EFD8~1.2RE/bin/../lib/gcc/arm-none-eabi/14.2.1/thumb/v7e-m/nofp\libg.a(libc_a-dtoa.o)
 .text._dtoa_r  0x08011ec8     0x1044 C:/PROGRA~2/ARMGNU~1/14EFD8~1.2RE/bin/../lib/gcc/arm-none-eabi/14.2.1/thumb/v7e-m/nofp\libg.a(libc_a-dtoa.o)
                0x08011ec8                _dtoa_r
 .text.__ascii_mbtowc
                0x08012f0c       0x2c C:/PROGRA~2/ARMGNU~1/14EFD8~1.2RE/bin/../lib/gcc/arm-none-eabi/14.2.1/thumb/v7e-m/nofp\libg.a(libc_a-mbtowc_r.o)
                0x08012f0c                __ascii_mbtowc
 .text._Balloc  0x08012f38       0x4c C:/PROGRA~2/ARMGNU~1/14EFD8~1.2RE/bin/../lib/gcc/arm-none-eabi/14.2.1/thumb/v7e-m/nofp\libg.a(libc_a-mprec.o)
                0x08012f38                _Balloc
 .text._Bfree   0x08012f84       0x14 C:/PROGRA~2/ARMGNU~1/14EFD8~1.2RE/bin/../lib/gcc/arm-none-eabi/14.2.1/thumb/v7e-m/nofp\libg.a(libc_a-mprec.o)
                0x08012f84                _Bfree
 .text.__multadd
                0x08012f98       0xa0 C:/PROGRA~2/ARMGNU~1/14EFD8~1.2RE/bin/../lib/gcc/arm-none-eabi/14.2.1/thumb/v7e-m/nofp\libg.a(libc_a-mprec.o)
                0x08012f98                __multadd
 .text.__hi0bits
                0x08013038       0x54 C:/PROGRA~2/ARMGNU~1/14EFD8~1.2RE/bin/../lib/gcc/arm-none-eabi/14.2.1/thumb/v7e-m/nofp\libg.a(libc_a-mprec.o)
                0x08013038                __hi0bits
 .text.__lo0bits
                0x0801308c       0x80 C:/PROGRA~2/ARMGNU~1/14EFD8~1.2RE/bin/../lib/gcc/arm-none-eabi/14.2.1/thumb/v7e-m/nofp\libg.a(libc_a-mprec.o)
                0x0801308c                __lo0bits
 .text.__i2b    0x0801310c       0x5c C:/PROGRA~2/ARMGNU~1/14EFD8~1.2RE/bin/../lib/gcc/arm-none-eabi/14.2.1/thumb/v7e-m/nofp\libg.a(libc_a-mprec.o)
                0x0801310c                __i2b
 .text.__multiply
                0x08013168      0x16c C:/PROGRA~2/ARMGNU~1/14EFD8~1.2RE/bin/../lib/gcc/arm-none-eabi/14.2.1/thumb/v7e-m/nofp\libg.a(libc_a-mprec.o)
                0x08013168                __multiply
 .text.__pow5mult
                0x080132d4       0xc0 C:/PROGRA~2/ARMGNU~1/14EFD8~1.2RE/bin/../lib/gcc/arm-none-eabi/14.2.1/thumb/v7e-m/nofp\libg.a(libc_a-mprec.o)
                0x080132d4                __pow5mult
 .text.__lshift